../Core/FreeRTOS/Source/queue.c:296:12:xQueueGenericReset	32	static,ignoring_inline_asm
../Core/FreeRTOS/Source/queue.c:428:19:xQueueGenericCreate	48	static,ignoring_inline_asm
../Core/FreeRTOS/Source/queue.c:494:13:prvInitialiseNewQueue	24	static
../Core/FreeRTOS/Source/queue.c:542:17:prvInitialiseMutex	16	static
../Core/FreeRTOS/Source/queue.c:572:19:xQueueCreateMutex	32	static
../Core/FreeRTOS/Source/queue.c:835:12:xQueueGenericSend	64	static,ignoring_inline_asm
../Core/FreeRTOS/Source/queue.c:1047:12:xQueueGenericSendFromISR	80	static,ignoring_inline_asm
../Core/FreeRTOS/Source/queue.c:1212:12:xQueueGiveFromISR	72	static,ignoring_inline_asm
../Core/FreeRTOS/Source/queue.c:1378:12:xQueueReceive	56	static,ignoring_inline_asm
../Core/FreeRTOS/Source/queue.c:1521:12:xQueueSemaphoreTake	56	static,ignoring_inline_asm
../Core/FreeRTOS/Source/queue.c:1731:12:xQueuePeek	64	static,ignoring_inline_asm
../Core/FreeRTOS/Source/queue.c:1882:12:xQueueReceiveFromISR	72	static,ignoring_inline_asm
../Core/FreeRTOS/Source/queue.c:1975:12:xQueuePeekFromISR	56	static,ignoring_inline_asm
../Core/FreeRTOS/Source/queue.c:2030:13:uxQueueMessagesWaiting	24	static,ignoring_inline_asm
../Core/FreeRTOS/Source/queue.c:2046:13:uxQueueSpacesAvailable	32	static,ignoring_inline_asm
../Core/FreeRTOS/Source/queue.c:2063:13:uxQueueMessagesWaitingFromISR	32	static,ignoring_inline_asm
../Core/FreeRTOS/Source/queue.c:2075:6:vQueueDelete	24	static,ignoring_inline_asm
../Core/FreeRTOS/Source/queue.c:2150:24:prvGetDisinheritPriorityAfterTimeout	24	static
../Core/FreeRTOS/Source/queue.c:2175:19:prvCopyDataToQueue	32	static
../Core/FreeRTOS/Source/queue.c:2258:13:prvCopyDataFromQueue	16	static
../Core/FreeRTOS/Source/queue.c:2279:13:prvUnlockQueue	24	static
../Core/FreeRTOS/Source/queue.c:2399:19:prvIsQueueEmpty	24	static
../Core/FreeRTOS/Source/queue.c:2420:12:xQueueIsQueueEmptyFromISR	32	static,ignoring_inline_asm
../Core/FreeRTOS/Source/queue.c:2440:19:prvIsQueueFull	24	static
../Core/FreeRTOS/Source/queue.c:2461:12:xQueueIsQueueFullFromISR	32	static,ignoring_inline_asm
../Core/FreeRTOS/Source/queue.c:2881:10:vQueueWaitForMessageRestricted	32	static
