../Core/FreeRTOS/Source/stream_buffer.c:321:26:xStreamBufferGenericCreate	64	static,ignoring_inline_asm
../Core/FreeRTOS/Source/stream_buffer.c:477:6:vStreamBufferDelete	24	static,ignoring_inline_asm
../Core/FreeRTOS/Source/stream_buffer.c:510:12:xStreamBufferReset	64	static,ignoring_inline_asm
../Core/FreeRTOS/Source/stream_buffer.c:567:12:xStreamBufferSetTriggerLevel	32	static,ignoring_inline_asm
../Core/FreeRTOS/Source/stream_buffer.c:597:8:xStreamBufferSpacesAvailable	32	static,ignoring_inline_asm
../Core/FreeRTOS/Source/stream_buffer.c:630:8:xStreamBufferBytesAvailable	32	static,ignoring_inline_asm
../Core/FreeRTOS/Source/stream_buffer.c:642:8:xStreamBufferSend	80	static,ignoring_inline_asm
../Core/FreeRTOS/Source/stream_buffer.c:773:8:xStreamBufferSendFromISR	72	static,ignoring_inline_asm
../Core/FreeRTOS/Source/stream_buffer.c:824:15:prvWriteMessageToBuffer	40	static,ignoring_inline_asm
../Core/FreeRTOS/Source/stream_buffer.c:874:8:xStreamBufferReceive	64	static,ignoring_inline_asm
../Core/FreeRTOS/Source/stream_buffer.c:978:8:xStreamBufferNextMessageLengthBytes	40	static,ignoring_inline_asm
../Core/FreeRTOS/Source/stream_buffer.c:1018:8:xStreamBufferReceiveFromISR	72	static,ignoring_inline_asm
../Core/FreeRTOS/Source/stream_buffer.c:1075:15:prvReadMessageFromBuffer	40	static
../Core/FreeRTOS/Source/stream_buffer.c:1127:12:xStreamBufferIsEmpty	32	static,ignoring_inline_asm
../Core/FreeRTOS/Source/stream_buffer.c:1151:12:xStreamBufferIsFull	32	static,ignoring_inline_asm
../Core/FreeRTOS/Source/stream_buffer.c:1186:12:xStreamBufferSendCompletedFromISR	56	static,ignoring_inline_asm
../Core/FreeRTOS/Source/stream_buffer.c:1217:12:xStreamBufferReceiveCompletedFromISR	56	static,ignoring_inline_asm
../Core/FreeRTOS/Source/stream_buffer.c:1248:15:prvWriteBytesToBuffer	40	static,ignoring_inline_asm
../Core/FreeRTOS/Source/stream_buffer.c:1294:15:prvReadBytesFromBuffer	40	static,ignoring_inline_asm
../Core/FreeRTOS/Source/stream_buffer.c:1338:15:prvBytesInBuffer	24	static
../Core/FreeRTOS/Source/stream_buffer.c:1359:13:prvInitialiseNewStreamBuffer	32	static,ignoring_inline_asm
