../Core/FreeRTOS/Source/tasks.c:721:16:xTaskCreate	56	static
../Core/FreeRTOS/Source/tasks.c:816:13:prvInitialiseNewTask	40	static,ignoring_inline_asm
../Core/FreeRTOS/Source/tasks.c:1026:13:prvAddNewTaskToReadyList	24	static,ignoring_inline_asm
../Core/FreeRTOS/Source/tasks.c:1214:16:xTaskDelayUntil	48	static,ignoring_inline_asm
../Core/FreeRTOS/Source/tasks.c:1301:10:vTaskDelay	24	static,ignoring_inline_asm
../Core/FreeRTOS/Source/tasks.c:1954:6:vTaskStartScheduler	32	static,ignoring_inline_asm
../Core/FreeRTOS/Source/tasks.c:2079:6:vTaskEndScheduler	16	static,ignoring_inline_asm
../Core/FreeRTOS/Source/tasks.c:2090:6:vTaskSuspendAll	4	static,ignoring_inline_asm
../Core/FreeRTOS/Source/tasks.c:2174:12:xTaskResumeAll	40	static,ignoring_inline_asm
../Core/FreeRTOS/Source/tasks.c:2286:12:xTaskGetTickCount	16	static
../Core/FreeRTOS/Source/tasks.c:2301:12:xTaskGetTickCountFromISR	16	static
../Core/FreeRTOS/Source/tasks.c:2332:13:uxTaskGetNumberOfTasks	4	static
../Core/FreeRTOS/Source/tasks.c:2340:8:pcTaskGetName	24	static,ignoring_inline_asm
../Core/FreeRTOS/Source/tasks.c:2616:12:xTaskCatchUpTicks	24	static,ignoring_inline_asm
../Core/FreeRTOS/Source/tasks.c:2720:12:xTaskIncrementTick	48	static,ignoring_inline_asm
../Core/FreeRTOS/Source/tasks.c:3009:6:vTaskSwitchContext	32	static,ignoring_inline_asm
../Core/FreeRTOS/Source/tasks.c:3083:6:vTaskPlaceOnEventList	24	static,ignoring_inline_asm
../Core/FreeRTOS/Source/tasks.c:3108:6:vTaskPlaceOnUnorderedEventList	40	static,ignoring_inline_asm
../Core/FreeRTOS/Source/tasks.c:3136:10:vTaskPlaceOnEventListRestricted	32	static,ignoring_inline_asm
../Core/FreeRTOS/Source/tasks.c:3169:12:xTaskRemoveFromEventList	48	static,ignoring_inline_asm
../Core/FreeRTOS/Source/tasks.c:3237:6:vTaskRemoveFromUnorderedEventList	40	static,ignoring_inline_asm
../Core/FreeRTOS/Source/tasks.c:3286:6:vTaskSetTimeOutState	24	static,ignoring_inline_asm
../Core/FreeRTOS/Source/tasks.c:3298:6:vTaskInternalSetTimeOutState	16	static
../Core/FreeRTOS/Source/tasks.c:3306:12:xTaskCheckForTimeOut	40	static,ignoring_inline_asm
../Core/FreeRTOS/Source/tasks.c:3371:6:vTaskMissedYield	4	static
../Core/FreeRTOS/Source/tasks.c:3427:8:prvIdleTask	16	static,ignoring_inline_asm
../Core/FreeRTOS/Source/tasks.c:3657:13:prvInitialiseTaskLists	16	static
../Core/FreeRTOS/Source/tasks.c:3689:13:prvCheckTasksWaitingTermination	4	static
../Core/FreeRTOS/Source/tasks.c:3999:13:prvResetNextTaskUnblockTime	4	static
../Core/FreeRTOS/Source/tasks.c:4022:18:xTaskGetCurrentTaskHandle	16	static
../Core/FreeRTOS/Source/tasks.c:4039:16:xTaskGetSchedulerState	16	static
../Core/FreeRTOS/Source/tasks.c:4067:16:xTaskPriorityInherit	32	static
../Core/FreeRTOS/Source/tasks.c:4157:16:xTaskPriorityDisinherit	40	static,ignoring_inline_asm
../Core/FreeRTOS/Source/tasks.c:4237:10:vTaskPriorityDisinheritAfterTimeout	48	static,ignoring_inline_asm
../Core/FreeRTOS/Source/tasks.c:4658:12:uxTaskResetEventItemValue	16	static
../Core/FreeRTOS/Source/tasks.c:4674:18:pvTaskIncrementMutexHeldCount	4	static
../Core/FreeRTOS/Source/tasks.c:4691:14:ulTaskGenericNotifyTake	32	static,ignoring_inline_asm
../Core/FreeRTOS/Source/tasks.c:4763:16:xTaskGenericNotifyWait	32	static,ignoring_inline_asm
../Core/FreeRTOS/Source/tasks.c:4849:16:xTaskGenericNotify	64	static,ignoring_inline_asm
../Core/FreeRTOS/Source/tasks.c:4972:16:xTaskGenericNotifyFromISR	80	static,ignoring_inline_asm
../Core/FreeRTOS/Source/tasks.c:5111:10:vTaskGenericNotifyGiveFromISR	72	static,ignoring_inline_asm
../Core/FreeRTOS/Source/tasks.c:5200:16:xTaskGenericNotifyStateClear	32	static,ignoring_inline_asm
../Core/FreeRTOS/Source/tasks.c:5234:14:ulTaskGenericNotifyValueClear	32	static
../Core/FreeRTOS/Source/tasks.c:5297:13:prvAddCurrentTaskToDelayedList	24	static
