../Core/FreeRTOS/Source/timers.c:233:16:xTimerCreateTimerTask	24	static,ignoring_inline_asm
../Core/FreeRTOS/Source/timers.c:288:23:xTimerCreate	40	static
../Core/FreeRTOS/Source/timers.c:355:17:prvInitialiseNewTimer	32	static,ignoring_inline_asm
../Core/FreeRTOS/Source/timers.c:386:16:xTimerGenericCommand	48	static,ignoring_inline_asm
../Core/FreeRTOS/Source/timers.c:433:18:xTimerGetTimerDaemonTaskHandle	16	static,ignoring_inline_asm
../Core/FreeRTOS/Source/timers.c:442:16:xTimerGetPeriod	24	static,ignoring_inline_asm
../Core/FreeRTOS/Source/timers.c:451:10:vTimerSetReloadMode	24	static,ignoring_inline_asm
../Core/FreeRTOS/Source/timers.c:472:16:xTimerGetReloadMode	32	static,ignoring_inline_asm
../Core/FreeRTOS/Source/timers.c:496:17:uxTimerGetReloadMode	16	static
../Core/FreeRTOS/Source/timers.c:502:16:xTimerGetExpiryTime	32	static,ignoring_inline_asm
../Core/FreeRTOS/Source/timers.c:513:18:pcTimerGetName	24	static,ignoring_inline_asm
../Core/FreeRTOS/Source/timers.c:522:17:prvReloadTimer	24	static
../Core/FreeRTOS/Source/timers.c:541:17:prvProcessExpiredTimer	24	static
../Core/FreeRTOS/Source/timers.c:568:12:prvTimerTask	24	static
../Core/FreeRTOS/Source/timers.c:604:17:prvProcessTimerOrBlockTask	24	static,ignoring_inline_asm
../Core/FreeRTOS/Source/timers.c:666:23:prvGetNextExpireTime	24	static
../Core/FreeRTOS/Source/timers.c:693:23:prvSampleTimeNow	24	static
../Core/FreeRTOS/Source/timers.c:716:23:prvInsertTimerInActiveList	32	static
../Core/FreeRTOS/Source/timers.c:760:17:prvProcessReceivedCommands	40	static,ignoring_inline_asm
../Core/FreeRTOS/Source/timers.c:908:17:prvSwitchTimerLists	16	static
../Core/FreeRTOS/Source/timers.c:933:17:prvCheckForValidListAndQueue	8	static
../Core/FreeRTOS/Source/timers.c:984:16:xTimerIsTimerActive	32	static,ignoring_inline_asm
../Core/FreeRTOS/Source/timers.c:1009:12:pvTimerGetTimerID	32	static,ignoring_inline_asm
../Core/FreeRTOS/Source/timers.c:1026:10:vTimerSetTimerID	24	static,ignoring_inline_asm
