Archive member included to satisfy reference by file (symbol)

c:/st/stm32cubeide_1.11.2/stm32cubeide/plugins/com.st.stm32cube.ide.mcu.externaltools.gnu-tools-for-stm32.10.3-2021.10.win32_1.0.100.202210260954/tools/bin/../lib/gcc/arm-none-eabi/10.3.1/../../../../arm-none-eabi/lib/thumb/v7e-m+fp/hard\libc_nano.a(lib_a-errno.o)
                              ./Core/Src/syscalls.o (__errno)
c:/st/stm32cubeide_1.11.2/stm32cubeide/plugins/com.st.stm32cube.ide.mcu.externaltools.gnu-tools-for-stm32.10.3-2021.10.win32_1.0.100.202210260954/tools/bin/../lib/gcc/arm-none-eabi/10.3.1/../../../../arm-none-eabi/lib/thumb/v7e-m+fp/hard\libc_nano.a(lib_a-exit.o)
                              c:/st/stm32cubeide_1.11.2/stm32cubeide/plugins/com.st.stm32cube.ide.mcu.externaltools.gnu-tools-for-stm32.10.3-2021.10.win32_1.0.100.202210260954/tools/bin/../lib/gcc/arm-none-eabi/10.3.1/../../../../arm-none-eabi/lib/thumb/v7e-m+fp/hard/crt0.o (exit)
c:/st/stm32cubeide_1.11.2/stm32cubeide/plugins/com.st.stm32cube.ide.mcu.externaltools.gnu-tools-for-stm32.10.3-2021.10.win32_1.0.100.202210260954/tools/bin/../lib/gcc/arm-none-eabi/10.3.1/../../../../arm-none-eabi/lib/thumb/v7e-m+fp/hard\libc_nano.a(lib_a-impure.o)
                              c:/st/stm32cubeide_1.11.2/stm32cubeide/plugins/com.st.stm32cube.ide.mcu.externaltools.gnu-tools-for-stm32.10.3-2021.10.win32_1.0.100.202210260954/tools/bin/../lib/gcc/arm-none-eabi/10.3.1/../../../../arm-none-eabi/lib/thumb/v7e-m+fp/hard\libc_nano.a(lib_a-exit.o) (_global_impure_ptr)
c:/st/stm32cubeide_1.11.2/stm32cubeide/plugins/com.st.stm32cube.ide.mcu.externaltools.gnu-tools-for-stm32.10.3-2021.10.win32_1.0.100.202210260954/tools/bin/../lib/gcc/arm-none-eabi/10.3.1/../../../../arm-none-eabi/lib/thumb/v7e-m+fp/hard\libc_nano.a(lib_a-init.o)
                              c:/st/stm32cubeide_1.11.2/stm32cubeide/plugins/com.st.stm32cube.ide.mcu.externaltools.gnu-tools-for-stm32.10.3-2021.10.win32_1.0.100.202210260954/tools/bin/../lib/gcc/arm-none-eabi/10.3.1/../../../../arm-none-eabi/lib/thumb/v7e-m+fp/hard/crt0.o (__libc_init_array)
c:/st/stm32cubeide_1.11.2/stm32cubeide/plugins/com.st.stm32cube.ide.mcu.externaltools.gnu-tools-for-stm32.10.3-2021.10.win32_1.0.100.202210260954/tools/bin/../lib/gcc/arm-none-eabi/10.3.1/../../../../arm-none-eabi/lib/thumb/v7e-m+fp/hard\libc_nano.a(lib_a-memcpy-stub.o)
                              ./Core/FreeRTOS/Source/queue.o (memcpy)
c:/st/stm32cubeide_1.11.2/stm32cubeide/plugins/com.st.stm32cube.ide.mcu.externaltools.gnu-tools-for-stm32.10.3-2021.10.win32_1.0.100.202210260954/tools/bin/../lib/gcc/arm-none-eabi/10.3.1/../../../../arm-none-eabi/lib/thumb/v7e-m+fp/hard\libc_nano.a(lib_a-memset.o)
                              c:/st/stm32cubeide_1.11.2/stm32cubeide/plugins/com.st.stm32cube.ide.mcu.externaltools.gnu-tools-for-stm32.10.3-2021.10.win32_1.0.100.202210260954/tools/bin/../lib/gcc/arm-none-eabi/10.3.1/../../../../arm-none-eabi/lib/thumb/v7e-m+fp/hard/crt0.o (memset)
c:/st/stm32cubeide_1.11.2/stm32cubeide/plugins/com.st.stm32cube.ide.mcu.externaltools.gnu-tools-for-stm32.10.3-2021.10.win32_1.0.100.202210260954/tools/bin/../lib/gcc/arm-none-eabi/10.3.1/thumb/v7e-m+fp/hard\libgcc.a(_aeabi_uldivmod.o)
                              ./Drivers/STM32F4xx_HAL_Driver/Src/stm32f4xx_hal_rcc.o (__aeabi_uldivmod)
c:/st/stm32cubeide_1.11.2/stm32cubeide/plugins/com.st.stm32cube.ide.mcu.externaltools.gnu-tools-for-stm32.10.3-2021.10.win32_1.0.100.202210260954/tools/bin/../lib/gcc/arm-none-eabi/10.3.1/thumb/v7e-m+fp/hard\libgcc.a(_udivmoddi4.o)
                              c:/st/stm32cubeide_1.11.2/stm32cubeide/plugins/com.st.stm32cube.ide.mcu.externaltools.gnu-tools-for-stm32.10.3-2021.10.win32_1.0.100.202210260954/tools/bin/../lib/gcc/arm-none-eabi/10.3.1/thumb/v7e-m+fp/hard\libgcc.a(_aeabi_uldivmod.o) (__udivmoddi4)
c:/st/stm32cubeide_1.11.2/stm32cubeide/plugins/com.st.stm32cube.ide.mcu.externaltools.gnu-tools-for-stm32.10.3-2021.10.win32_1.0.100.202210260954/tools/bin/../lib/gcc/arm-none-eabi/10.3.1/thumb/v7e-m+fp/hard\libgcc.a(_dvmd_tls.o)
                              c:/st/stm32cubeide_1.11.2/stm32cubeide/plugins/com.st.stm32cube.ide.mcu.externaltools.gnu-tools-for-stm32.10.3-2021.10.win32_1.0.100.202210260954/tools/bin/../lib/gcc/arm-none-eabi/10.3.1/thumb/v7e-m+fp/hard\libgcc.a(_aeabi_uldivmod.o) (__aeabi_ldiv0)

Discarded input sections

 .text          0x0000000000000000        0x0 c:/st/stm32cubeide_1.11.2/stm32cubeide/plugins/com.st.stm32cube.ide.mcu.externaltools.gnu-tools-for-stm32.10.3-2021.10.win32_1.0.100.202210260954/tools/bin/../lib/gcc/arm-none-eabi/10.3.1/thumb/v7e-m+fp/hard/crti.o
 .data          0x0000000000000000        0x0 c:/st/stm32cubeide_1.11.2/stm32cubeide/plugins/com.st.stm32cube.ide.mcu.externaltools.gnu-tools-for-stm32.10.3-2021.10.win32_1.0.100.202210260954/tools/bin/../lib/gcc/arm-none-eabi/10.3.1/thumb/v7e-m+fp/hard/crti.o
[...]
Memory Configuration

Name             Origin             Length             Attributes
RAM              0x0000000020000000 0x0000000000020000 xrw
FLASH            0x0000000008000000 0x0000000000080000 xr
*default*        0x0000000000000000 0xffffffffffffffff

Linker script and memory map

LOAD c:/st/stm32cubeide_1.11.2/stm32cubeide/plugins/com.st.stm32cube.ide.mcu.externaltools.gnu-tools-for-stm32.10.3-2021.10.win32_1.0.100.202210260954/tools/bin/../lib/gcc/arm-none-eabi/10.3.1/thumb/v7e-m+fp/hard/crti.o
LOAD c:/st/stm32cubeide_1.11.2/stm32cubeide/plugins/com.st.stm32cube.ide.mcu.externaltools.gnu-tools-for-stm32.10.3-2021.10.win32_1.0.100.202210260954/tools/bin/../lib/gcc/arm-none-eabi/10.3.1/thumb/v7e-m+fp/hard/crtbegin.o
LOAD c:/st/stm32cubeide_1.11.2/stm32cubeide/plugins/com.st.stm32cube.ide.mcu.externaltools.gnu-tools-for-stm32.10.3-2021.10.win32_1.0.100.202210260954/tools/bin/../lib/gcc/arm-none-eabi/10.3.1/../../../../arm-none-eabi/lib/thumb/v7e-m+fp/hard/crt0.o
LOAD ./Core/FreeRTOS/Source/croutine.o
LOAD ./Core/FreeRTOS/Source/event_groups.o
LOAD ./Core/FreeRTOS/Source/list.o
LOAD ./Core/FreeRTOS/Source/queue.o
LOAD ./Core/FreeRTOS/Source/stream_buffer.o
LOAD ./Core/FreeRTOS/Source/tasks.o
LOAD ./Core/FreeRTOS/Source/timers.o
LOAD ./Core/FreeRTOS/Source/portable/GCC/ARM_CM4F/port.o
LOAD ./Core/FreeRTOS/Source/portable/MemMang/heap_4.o
LOAD ./Core/Src/circ_buffer.o
LOAD ./Core/Src/e22900t22d.o
LOAD ./Core/Src/main.o
LOAD ./Core/Src/stm32f4xx_hal_msp.o
LOAD ./Core/Src/stm32f4xx_hal_timebase_tim.o
LOAD ./Core/Src/stm32f4xx_it.o
LOAD ./Core/Src/syscalls.o
LOAD ./Core/Src/sysmem.o
LOAD ./Core/Src/system_stm32f4xx.o
LOAD ./Core/Startup/startup_stm32f411ceux.o
LOAD ./Drivers/STM32F4xx_HAL_Driver/Src/stm32f4xx_hal.o
LOAD ./Drivers/STM32F4xx_HAL_Driver/Src/stm32f4xx_hal_cortex.o
LOAD ./Drivers/STM32F4xx_HAL_Driver/Src/stm32f4xx_hal_dma.o
LOAD ./Drivers/STM32F4xx_HAL_Driver/Src/stm32f4xx_hal_dma_ex.o
LOAD ./Drivers/STM32F4xx_HAL_Driver/Src/stm32f4xx_hal_exti.o
LOAD ./Drivers/STM32F4xx_HAL_Driver/Src/stm32f4xx_hal_flash.o
LOAD ./Drivers/STM32F4xx_HAL_Driver/Src/stm32f4xx_hal_flash_ex.o
LOAD ./Drivers/STM32F4xx_HAL_Driver/Src/stm32f4xx_hal_flash_ramfunc.o
LOAD ./Drivers/STM32F4xx_HAL_Driver/Src/stm32f4xx_hal_gpio.o
LOAD ./Drivers/STM32F4xx_HAL_Driver/Src/stm32f4xx_hal_pwr.o
LOAD ./Drivers/STM32F4xx_HAL_Driver/Src/stm32f4xx_hal_pwr_ex.o
LOAD ./Drivers/STM32F4xx_HAL_Driver/Src/stm32f4xx_hal_rcc.o
LOAD ./Drivers/STM32F4xx_HAL_Driver/Src/stm32f4xx_hal_rcc_ex.o
LOAD ./Drivers/STM32F4xx_HAL_Driver/Src/stm32f4xx_hal_tim.o
LOAD ./Drivers/STM32F4xx_HAL_Driver/Src/stm32f4xx_hal_tim_ex.o
LOAD ./Drivers/STM32F4xx_HAL_Driver/Src/stm32f4xx_hal_uart.o
START GROUP
LOAD c:/st/stm32cubeide_1.11.2/stm32cubeide/plugins/com.st.stm32cube.ide.mcu.externaltools.gnu-tools-for-stm32.10.3-2021.10.win32_1.0.100.202210260954/tools/bin/../lib/gcc/arm-none-eabi/10.3.1/../../../../arm-none-eabi/lib/thumb/v7e-m+fp/hard\libc_nano.a
LOAD c:/st/stm32cubeide_1.11.2/stm32cubeide/plugins/com.st.stm32cube.ide.mcu.externaltools.gnu-tools-for-stm32.10.3-2021.10.win32_1.0.100.202210260954/tools/bin/../lib/gcc/arm-none-eabi/10.3.1/../../../../arm-none-eabi/lib/thumb/v7e-m+fp/hard\libm.a
END GROUP
START GROUP
LOAD c:/st/stm32cubeide_1.11.2/stm32cubeide/plugins/com.st.stm32cube.ide.mcu.externaltools.gnu-tools-for-stm32.10.3-2021.10.win32_1.0.100.202210260954/tools/bin/../lib/gcc/arm-none-eabi/10.3.1/thumb/v7e-m+fp/hard\libgcc.a
LOAD c:/st/stm32cubeide_1.11.2/stm32cubeide/plugins/com.st.stm32cube.ide.mcu.externaltools.gnu-tools-for-stm32.10.3-2021.10.win32_1.0.100.202210260954/tools/bin/../lib/gcc/arm-none-eabi/10.3.1/../../../../arm-none-eabi/lib/thumb/v7e-m+fp/hard\libc_nano.a
END GROUP
START GROUP
LOAD c:/st/stm32cubeide_1.11.2/stm32cubeide/plugins/com.st.stm32cube.ide.mcu.externaltools.gnu-tools-for-stm32.10.3-2021.10.win32_1.0.100.202210260954/tools/bin/../lib/gcc/arm-none-eabi/10.3.1/thumb/v7e-m+fp/hard\libgcc.a
LOAD c:/st/stm32cubeide_1.11.2/stm32cubeide/plugins/com.st.stm32cube.ide.mcu.externaltools.gnu-tools-for-stm32.10.3-2021.10.win32_1.0.100.202210260954/tools/bin/../lib/gcc/arm-none-eabi/10.3.1/../../../../arm-none-eabi/lib/thumb/v7e-m+fp/hard\libc_nano.a
LOAD c:/st/stm32cubeide_1.11.2/stm32cubeide/plugins/com.st.stm32cube.ide.mcu.externaltools.gnu-tools-for-stm32.10.3-2021.10.win32_1.0.100.202210260954/tools/bin/../lib/gcc/arm-none-eabi/10.3.1/../../../../arm-none-eabi/lib/thumb/v7e-m+fp/hard\libnosys.a
END GROUP
START GROUP
LOAD c:/st/stm32cubeide_1.11.2/stm32cubeide/plugins/com.st.stm32cube.ide.mcu.externaltools.gnu-tools-for-stm32.10.3-2021.10.win32_1.0.100.202210260954/tools/bin/../lib/gcc/arm-none-eabi/10.3.1/thumb/v7e-m+fp/hard\libgcc.a
LOAD c:/st/stm32cubeide_1.11.2/stm32cubeide/plugins/com.st.stm32cube.ide.mcu.externaltools.gnu-tools-for-stm32.10.3-2021.10.win32_1.0.100.202210260954/tools/bin/../lib/gcc/arm-none-eabi/10.3.1/../../../../arm-none-eabi/lib/thumb/v7e-m+fp/hard\libc_nano.a
LOAD c:/st/stm32cubeide_1.11.2/stm32cubeide/plugins/com.st.stm32cube.ide.mcu.externaltools.gnu-tools-for-stm32.10.3-2021.10.win32_1.0.100.202210260954/tools/bin/../lib/gcc/arm-none-eabi/10.3.1/../../../../arm-none-eabi/lib/thumb/v7e-m+fp/hard\libnosys.a
END GROUP
LOAD c:/st/stm32cubeide_1.11.2/stm32cubeide/plugins/com.st.stm32cube.ide.mcu.externaltools.gnu-tools-for-stm32.10.3-2021.10.win32_1.0.100.202210260954/tools/bin/../lib/gcc/arm-none-eabi/10.3.1/thumb/v7e-m+fp/hard/crtend.o
LOAD c:/st/stm32cubeide_1.11.2/stm32cubeide/plugins/com.st.stm32cube.ide.mcu.externaltools.gnu-tools-for-stm32.10.3-2021.10.win32_1.0.100.202210260954/tools/bin/../lib/gcc/arm-none-eabi/10.3.1/thumb/v7e-m+fp/hard/crtn.o
                0x0000000020020000                _estack = (ORIGIN (RAM) + LENGTH (RAM))
                0x0000000000000200                _Min_Heap_Size = 0x200
                0x0000000000000400                _Min_Stack_Size = 0x400

.isr_vector     0x0000000008000000      0x198
                0x0000000008000000                . = ALIGN (0x4)
 *(.isr_vector)
 .isr_vector    0x0000000008000000      0x198 ./Core/Startup/startup_stm32f411ceux.o
                0x0000000008000000                g_pfnVectors
                0x0000000008000198                . = ALIGN (0x4)

.text           0x00000000080001a0     0x43b8
                0x00000000080001a0                . = ALIGN (0x4)
 *(.text)
 .text          0x00000000080001a0       0x40 c:/st/stm32cubeide_1.11.2/stm32cubeide/plugins/com.st.stm32cube.ide.mcu.externaltools.gnu-tools-for-stm32.10.3-2021.10.win32_1.0.100.202210260954/tools/bin/../lib/gcc/arm-none-eabi/10.3.1/thumb/v7e-m+fp/hard/crtbegin.o
 .text          0x00000000080001e0       0x30 c:/st/stm32cubeide_1.11.2/stm32cubeide/plugins/com.st.stm32cube.ide.mcu.externaltools.gnu-tools-for-stm32.10.3-2021.10.win32_1.0.100.202210260954/tools/bin/../lib/gcc/arm-none-eabi/10.3.1/thumb/v7e-m+fp/hard\libgcc.a(_aeabi_uldivmod.o)
                0x00000000080001e0                __aeabi_uldivmod
 .text          0x0000000008000210      0x2d0 c:/st/stm32cubeide_1.11.2/stm32cubeide/plugins/com.st.stm32cube.ide.mcu.externaltools.gnu-tools-for-stm32.10.3-2021.10.win32_1.0.100.202210260954/tools/bin/../lib/gcc/arm-none-eabi/10.3.1/thumb/v7e-m+fp/hard\libgcc.a(_udivmoddi4.o)
                0x0000000008000210                __udivmoddi4
 .text          0x00000000080004e0        0x4 c:/st/stm32cubeide_1.11.2/stm32cubeide/plugins/com.st.stm32cube.ide.mcu.externaltools.gnu-tools-for-stm32.10.3-2021.10.win32_1.0.100.202210260954/tools/bin/../lib/gcc/arm-none-eabi/10.3.1/thumb/v7e-m+fp/hard\libgcc.a(_dvmd_tls.o)
                0x00000000080004e0                __aeabi_idiv0
                0x00000000080004e0                __aeabi_ldiv0
 *(.text*)
 .text.vListInitialise
                0x00000000080004e4       0x40 ./Core/FreeRTOS/Source/list.o
                0x00000000080004e4                vListInitialise
 .text.vListInitialiseItem
                0x0000000008000524       0x1a ./Core/FreeRTOS/Source/list.o
                0x0000000008000524                vListInitialiseItem
 .text.vListInsert
                0x000000000800053e       0x72 ./Core/FreeRTOS/Source/list.o
                0x000000000800053e                vListInsert
 .text.uxListRemove
                0x00000000080005b0       0x54 ./Core/FreeRTOS/Source/list.o
                0x00000000080005b0                uxListRemove
 .text.xQueueGenericReset
                0x0000000008000604      0x120 ./Core/FreeRTOS/Source/queue.o
                0x0000000008000604                xQueueGenericReset
 .text.xQueueGenericCreate
                0x0000000008000724       0x9c ./Core/FreeRTOS/Source/queue.o
                0x0000000008000724                xQueueGenericCreate
 .text.prvInitialiseNewQueue
                0x00000000080007c0       0x3e ./Core/FreeRTOS/Source/queue.o
 *fill*         0x00000000080007fe        0x2 
 .text.xQueueReceive
                0x0000000008000800      0x1c0 ./Core/FreeRTOS/Source/queue.o
                0x0000000008000800                xQueueReceive
 .text.prvCopyDataFromQueue
                0x00000000080009c0       0x4c ./Core/FreeRTOS/Source/queue.o
 .text.prvUnlockQueue
                0x0000000008000a0c       0xa4 ./Core/FreeRTOS/Source/queue.o
 .text.prvIsQueueEmpty
                0x0000000008000ab0       0x2c ./Core/FreeRTOS/Source/queue.o
 .text.vQueueWaitForMessageRestricted
                0x0000000008000adc       0x68 ./Core/FreeRTOS/Source/queue.o
                0x0000000008000adc                vQueueWaitForMessageRestricted
 .text.xTaskCreate
                0x0000000008000b44       0x8c ./Core/FreeRTOS/Source/tasks.o
                0x0000000008000b44                xTaskCreate
 .text.prvInitialiseNewTask
                0x0000000008000bd0      0x10c ./Core/FreeRTOS/Source/tasks.o
 .text.prvAddNewTaskToReadyList
                0x0000000008000cdc      0x124 ./Core/FreeRTOS/Source/tasks.o
 .text.xTaskDelayUntil
                0x0000000008000e00       0xfc ./Core/FreeRTOS/Source/tasks.o
                0x0000000008000e00                xTaskDelayUntil
 .text.vTaskStartScheduler
                0x0000000008000efc       0xa4 ./Core/FreeRTOS/Source/tasks.o
                0x0000000008000efc                vTaskStartScheduler
 .text.vTaskSuspendAll
                0x0000000008000fa0       0x1c ./Core/FreeRTOS/Source/tasks.o
                0x0000000008000fa0                vTaskSuspendAll
 .text.xTaskResumeAll
                0x0000000008000fbc      0x1f8 ./Core/FreeRTOS/Source/tasks.o
                0x0000000008000fbc                xTaskResumeAll
 .text.xTaskGetTickCount
                0x00000000080011b4       0x20 ./Core/FreeRTOS/Source/tasks.o
                0x00000000080011b4                xTaskGetTickCount
 .text.xTaskIncrementTick
                0x00000000080011d4      0x22c ./Core/FreeRTOS/Source/tasks.o
                0x00000000080011d4                xTaskIncrementTick
 .text.vTaskSwitchContext
                0x0000000008001400       0xb8 ./Core/FreeRTOS/Source/tasks.o
                0x0000000008001400                vTaskSwitchContext
 .text.vTaskPlaceOnEventList
                0x00000000080014b8       0x48 ./Core/FreeRTOS/Source/tasks.o
                0x00000000080014b8                vTaskPlaceOnEventList
 .text.vTaskPlaceOnEventListRestricted
                0x0000000008001500       0x8c ./Core/FreeRTOS/Source/tasks.o
                0x0000000008001500                vTaskPlaceOnEventListRestricted
 .text.xTaskRemoveFromEventList
                0x000000000800158c      0x1ac ./Core/FreeRTOS/Source/tasks.o
                0x000000000800158c                xTaskRemoveFromEventList
 .text.vTaskInternalSetTimeOutState
                0x0000000008001738       0x2c ./Core/FreeRTOS/Source/tasks.o
                0x0000000008001738                vTaskInternalSetTimeOutState
 .text.xTaskCheckForTimeOut
                0x0000000008001764       0xbc ./Core/FreeRTOS/Source/tasks.o
                0x0000000008001764                xTaskCheckForTimeOut
 .text.vTaskMissedYield
                0x0000000008001820       0x18 ./Core/FreeRTOS/Source/tasks.o
                0x0000000008001820                vTaskMissedYield
 .text.prvIdleTask
                0x0000000008001838       0x30 ./Core/FreeRTOS/Source/tasks.o
 .text.prvInitialiseTaskLists
                0x0000000008001868       0x6c ./Core/FreeRTOS/Source/tasks.o
 .text.prvCheckTasksWaitingTermination
                0x00000000080018d4        0xe ./Core/FreeRTOS/Source/tasks.o
 *fill*         0x00000000080018e2        0x2 
 .text.prvResetNextTaskUnblockTime
                0x00000000080018e4       0x38 ./Core/FreeRTOS/Source/tasks.o
 .text.xTaskGetSchedulerState
                0x000000000800191c       0x3c ./Core/FreeRTOS/Source/tasks.o
                0x000000000800191c                xTaskGetSchedulerState
 .text.prvAddCurrentTaskToDelayedList
                0x0000000008001958       0xa8 ./Core/FreeRTOS/Source/tasks.o
 .text.xTimerCreateTimerTask
                0x0000000008001a00       0x64 ./Core/FreeRTOS/Source/timers.o
                0x0000000008001a00                xTimerCreateTimerTask
 .text.prvReloadTimer
                0x0000000008001a64       0x42 ./Core/FreeRTOS/Source/timers.o
 *fill*         0x0000000008001aa6        0x2 
 .text.prvProcessExpiredTimer
                0x0000000008001aa8       0x60 ./Core/FreeRTOS/Source/timers.o
 .text.prvTimerTask
                0x0000000008001b08       0x24 ./Core/FreeRTOS/Source/timers.o
 .text.prvProcessTimerOrBlockTask
                0x0000000008001b2c       0x9c ./Core/FreeRTOS/Source/timers.o
 .text.prvGetNextExpireTime
                0x0000000008001bc8       0x48 ./Core/FreeRTOS/Source/timers.o
 .text.prvSampleTimeNow
                0x0000000008001c10       0x40 ./Core/FreeRTOS/Source/timers.o
 .text.prvInsertTimerInActiveList
                0x0000000008001c50       0x84 ./Core/FreeRTOS/Source/timers.o
 .text.prvProcessReceivedCommands
                0x0000000008001cd4      0x17c ./Core/FreeRTOS/Source/timers.o
 .text.prvSwitchTimerLists
                0x0000000008001e50       0x4c ./Core/FreeRTOS/Source/timers.o
 .text.prvCheckForValidListAndQueue
                0x0000000008001e9c       0x54 ./Core/FreeRTOS/Source/timers.o
 .text.pxPortInitialiseStack
                0x0000000008001ef0       0x68 ./Core/FreeRTOS/Source/portable/GCC/ARM_CM4F/port.o
                0x0000000008001ef0                pxPortInitialiseStack
 .text.prvTaskExitError
                0x0000000008001f58       0x58 ./Core/FreeRTOS/Source/portable/GCC/ARM_CM4F/port.o
 .text.SVC_Handler
                0x0000000008001fb0       0x28 ./Core/FreeRTOS/Source/portable/GCC/ARM_CM4F/port.o
                0x0000000008001fb0                SVC_Handler
 .text.prvPortStartFirstTask
                0x0000000008001fd8       0x2c ./Core/FreeRTOS/Source/portable/GCC/ARM_CM4F/port.o
 .text.xPortStartScheduler
                0x0000000008002004      0x144 ./Core/FreeRTOS/Source/portable/GCC/ARM_CM4F/port.o
                0x0000000008002004                xPortStartScheduler
 .text.vPortEnterCritical
                0x0000000008002148       0x60 ./Core/FreeRTOS/Source/portable/GCC/ARM_CM4F/port.o
                0x0000000008002148                vPortEnterCritical
 .text.vPortExitCritical
                0x00000000080021a8       0x54 ./Core/FreeRTOS/Source/portable/GCC/ARM_CM4F/port.o
                0x00000000080021a8                vPortExitCritical
 *fill*         0x00000000080021fc        0x4 
 .text.PendSV_Handler
                0x0000000008002200       0x68 ./Core/FreeRTOS/Source/portable/GCC/ARM_CM4F/port.o
                0x0000000008002200                PendSV_Handler
 .text.SysTick_Handler
                0x0000000008002268       0x44 ./Core/FreeRTOS/Source/portable/GCC/ARM_CM4F/port.o
                0x0000000008002268                SysTick_Handler
 .text.vPortSetupTimerInterrupt
                0x00000000080022ac       0x34 ./Core/FreeRTOS/Source/portable/GCC/ARM_CM4F/port.o
                0x00000000080022ac                vPortSetupTimerInterrupt
 .text.vPortEnableVFP
                0x00000000080022e0       0x18 ./Core/FreeRTOS/Source/portable/GCC/ARM_CM4F/port.o
 .text.pvPortMalloc
                0x00000000080022f8      0x174 ./Core/FreeRTOS/Source/portable/MemMang/heap_4.o
                0x00000000080022f8                pvPortMalloc
 .text.vPortFree
                0x000000000800246c       0xb8 ./Core/FreeRTOS/Source/portable/MemMang/heap_4.o
                0x000000000800246c                vPortFree
 .text.prvHeapInit
                0x0000000008002524       0xb8 ./Core/FreeRTOS/Source/portable/MemMang/heap_4.o
 .text.prvInsertBlockIntoFreeList
                0x00000000080025dc       0xb4 ./Core/FreeRTOS/Source/portable/MemMang/heap_4.o
 .text.main     0x0000000008002690       0x38 ./Core/Src/main.o
                0x0000000008002690                main
 .text.SystemClock_Config
                0x00000000080026c8       0xd0 ./Core/Src/main.o
                0x00000000080026c8                SystemClock_Config
 .text.MX_USART2_UART_Init
                0x0000000008002798       0x54 ./Core/Src/main.o
 .text.MX_GPIO_Init
                0x00000000080027ec       0xa4 ./Core/Src/main.o
 .text.led_toggle_task
                0x0000000008002890       0x40 ./Core/Src/main.o
 .text.HAL_TIM_PeriodElapsedCallback
                0x00000000080028d0       0x24 ./Core/Src/main.o
                0x00000000080028d0                HAL_TIM_PeriodElapsedCallback
 .text.Error_Handler
                0x00000000080028f4        0xa ./Core/Src/main.o
                0x00000000080028f4                Error_Handler
 *fill*         0x00000000080028fe        0x2 
 .text.HAL_MspInit
                0x0000000008002900       0x50 ./Core/Src/stm32f4xx_hal_msp.o
                0x0000000008002900                HAL_MspInit
 .text.HAL_UART_MspInit
                0x0000000008002950       0x90 ./Core/Src/stm32f4xx_hal_msp.o
                0x0000000008002950                HAL_UART_MspInit
 .text.HAL_InitTick
                0x00000000080029e0       0xe4 ./Core/Src/stm32f4xx_hal_timebase_tim.o
                0x00000000080029e0                HAL_InitTick
 .text.NMI_Handler
                0x0000000008002ac4        0x6 ./Core/Src/stm32f4xx_it.o
                0x0000000008002ac4                NMI_Handler
 .text.HardFault_Handler
                0x0000000008002aca        0x6 ./Core/Src/stm32f4xx_it.o
                0x0000000008002aca                HardFault_Handler
 .text.MemManage_Handler
                0x0000000008002ad0        0x6 ./Core/Src/stm32f4xx_it.o
                0x0000000008002ad0                MemManage_Handler
 .text.BusFault_Handler
                0x0000000008002ad6        0x6 ./Core/Src/stm32f4xx_it.o
                0x0000000008002ad6                BusFault_Handler
 .text.UsageFault_Handler
                0x0000000008002adc        0x6 ./Core/Src/stm32f4xx_it.o
                0x0000000008002adc                UsageFault_Handler
 .text.DebugMon_Handler
                0x0000000008002ae2        0xe ./Core/Src/stm32f4xx_it.o
                0x0000000008002ae2                DebugMon_Handler
 .text.TIM1_UP_TIM10_IRQHandler
                0x0000000008002af0       0x14 ./Core/Src/stm32f4xx_it.o
                0x0000000008002af0                TIM1_UP_TIM10_IRQHandler
 .text.SystemInit
                0x0000000008002b04       0x24 ./Core/Src/system_stm32f4xx.o
                0x0000000008002b04                SystemInit
 .text.Reset_Handler
                0x0000000008002b28       0x50 ./Core/Startup/startup_stm32f411ceux.o
                0x0000000008002b28                Reset_Handler
 .text.Default_Handler
                0x0000000008002b78        0x2 ./Core/Startup/startup_stm32f411ceux.o
                0x0000000008002b78                RTC_Alarm_IRQHandler
                0x0000000008002b78                EXTI2_IRQHandler
                0x0000000008002b78                SPI4_IRQHandler
                0x0000000008002b78                TIM1_CC_IRQHandler
                0x0000000008002b78                DMA2_Stream5_IRQHandler
                0x0000000008002b78                DMA1_Stream5_IRQHandler
                0x0000000008002b78                PVD_IRQHandler
                0x0000000008002b78                SDIO_IRQHandler
                0x0000000008002b78                TAMP_STAMP_IRQHandler
                0x0000000008002b78                EXTI3_IRQHandler
                0x0000000008002b78                I2C3_ER_IRQHandler
                0x0000000008002b78                EXTI0_IRQHandler
                0x0000000008002b78                I2C2_EV_IRQHandler
                0x0000000008002b78                DMA1_Stream2_IRQHandler
                0x0000000008002b78                FPU_IRQHandler
                0x0000000008002b78                DMA2_Stream2_IRQHandler
                0x0000000008002b78                SPI1_IRQHandler
                0x0000000008002b78                TIM1_BRK_TIM9_IRQHandler
                0x0000000008002b78                DMA2_Stream3_IRQHandler
                0x0000000008002b78                USART6_IRQHandler
                0x0000000008002b78                DMA2_Stream0_IRQHandler
                0x0000000008002b78                TIM4_IRQHandler
                0x0000000008002b78                I2C1_EV_IRQHandler
                0x0000000008002b78                DMA1_Stream6_IRQHandler
                0x0000000008002b78                DMA1_Stream1_IRQHandler
                0x0000000008002b78                TIM3_IRQHandler
                0x0000000008002b78                RCC_IRQHandler
                0x0000000008002b78                Default_Handler
                0x0000000008002b78                EXTI15_10_IRQHandler
                0x0000000008002b78                ADC_IRQHandler
                0x0000000008002b78                DMA1_Stream7_IRQHandler
                0x0000000008002b78                SPI5_IRQHandler
                0x0000000008002b78                TIM5_IRQHandler
                0x0000000008002b78                DMA2_Stream7_IRQHandler
                0x0000000008002b78                I2C3_EV_IRQHandler
                0x0000000008002b78                EXTI9_5_IRQHandler
                0x0000000008002b78                RTC_WKUP_IRQHandler
                0x0000000008002b78                SPI2_IRQHandler
                0x0000000008002b78                DMA1_Stream0_IRQHandler
                0x0000000008002b78                EXTI4_IRQHandler
                0x0000000008002b78                WWDG_IRQHandler
                0x0000000008002b78                TIM2_IRQHandler
                0x0000000008002b78                OTG_FS_WKUP_IRQHandler
                0x0000000008002b78                TIM1_TRG_COM_TIM11_IRQHandler
                0x0000000008002b78                EXTI1_IRQHandler
                0x0000000008002b78                USART2_IRQHandler
                0x0000000008002b78                I2C2_ER_IRQHandler
                0x0000000008002b78                DMA2_Stream1_IRQHandler
                0x0000000008002b78                FLASH_IRQHandler
                0x0000000008002b78                DMA2_Stream4_IRQHandler
                0x0000000008002b78                USART1_IRQHandler
                0x0000000008002b78                OTG_FS_IRQHandler
                0x0000000008002b78                SPI3_IRQHandler
                0x0000000008002b78                DMA1_Stream4_IRQHandler
                0x0000000008002b78                I2C1_ER_IRQHandler
                0x0000000008002b78                DMA2_Stream6_IRQHandler
                0x0000000008002b78                DMA1_Stream3_IRQHandler
 *fill*         0x0000000008002b7a        0x2 
 .text.HAL_Init
                0x0000000008002b7c       0x44 ./Drivers/STM32F4xx_HAL_Driver/Src/stm32f4xx_hal.o
                0x0000000008002b7c                HAL_Init
 .text.HAL_IncTick
                0x0000000008002bc0       0x28 ./Drivers/STM32F4xx_HAL_Driver/Src/stm32f4xx_hal.o
                0x0000000008002bc0                HAL_IncTick
 .text.HAL_GetTick
                0x0000000008002be8       0x18 ./Drivers/STM32F4xx_HAL_Driver/Src/stm32f4xx_hal.o
                0x0000000008002be8                HAL_GetTick
 .text.__NVIC_SetPriorityGrouping
                0x0000000008002c00       0x48 ./Drivers/STM32F4xx_HAL_Driver/Src/stm32f4xx_hal_cortex.o
 .text.__NVIC_GetPriorityGrouping
                0x0000000008002c48       0x1c ./Drivers/STM32F4xx_HAL_Driver/Src/stm32f4xx_hal_cortex.o
 .text.__NVIC_EnableIRQ
                0x0000000008002c64       0x3c ./Drivers/STM32F4xx_HAL_Driver/Src/stm32f4xx_hal_cortex.o
 .text.__NVIC_SetPriority
                0x0000000008002ca0       0x54 ./Drivers/STM32F4xx_HAL_Driver/Src/stm32f4xx_hal_cortex.o
 .text.NVIC_EncodePriority
                0x0000000008002cf4       0x66 ./Drivers/STM32F4xx_HAL_Driver/Src/stm32f4xx_hal_cortex.o
 .text.HAL_NVIC_SetPriorityGrouping
                0x0000000008002d5a       0x16 ./Drivers/STM32F4xx_HAL_Driver/Src/stm32f4xx_hal_cortex.o
                0x0000000008002d5a                HAL_NVIC_SetPriorityGrouping
 .text.HAL_NVIC_SetPriority
                0x0000000008002d70       0x38 ./Drivers/STM32F4xx_HAL_Driver/Src/stm32f4xx_hal_cortex.o
                0x0000000008002d70                HAL_NVIC_SetPriority
 .text.HAL_NVIC_EnableIRQ
                0x0000000008002da8       0x1c ./Drivers/STM32F4xx_HAL_Driver/Src/stm32f4xx_hal_cortex.o
                0x0000000008002da8                HAL_NVIC_EnableIRQ
 .text.HAL_GPIO_Init
                0x0000000008002dc4      0x308 ./Drivers/STM32F4xx_HAL_Driver/Src/stm32f4xx_hal_gpio.o
                0x0000000008002dc4                HAL_GPIO_Init
 .text.HAL_GPIO_WritePin
                0x00000000080030cc       0x32 ./Drivers/STM32F4xx_HAL_Driver/Src/stm32f4xx_hal_gpio.o
                0x00000000080030cc                HAL_GPIO_WritePin
 .text.HAL_GPIO_TogglePin
                0x00000000080030fe       0x34 ./Drivers/STM32F4xx_HAL_Driver/Src/stm32f4xx_hal_gpio.o
                0x00000000080030fe                HAL_GPIO_TogglePin
 *fill*         0x0000000008003132        0x2 
 .text.HAL_RCC_OscConfig
                0x0000000008003134      0x4f0 ./Drivers/STM32F4xx_HAL_Driver/Src/stm32f4xx_hal_rcc.o
                0x0000000008003134                HAL_RCC_OscConfig
 .text.HAL_RCC_ClockConfig
                0x0000000008003624      0x1cc ./Drivers/STM32F4xx_HAL_Driver/Src/stm32f4xx_hal_rcc.o
                0x0000000008003624                HAL_RCC_ClockConfig
 .text.HAL_RCC_GetSysClockFreq
                0x00000000080037f0      0x18c ./Drivers/STM32F4xx_HAL_Driver/Src/stm32f4xx_hal_rcc.o
                0x00000000080037f0                HAL_RCC_GetSysClockFreq
 .text.HAL_RCC_GetHCLKFreq
                0x000000000800397c       0x18 ./Drivers/STM32F4xx_HAL_Driver/Src/stm32f4xx_hal_rcc.o
                0x000000000800397c                HAL_RCC_GetHCLKFreq
 .text.HAL_RCC_GetPCLK1Freq
                0x0000000008003994       0x28 ./Drivers/STM32F4xx_HAL_Driver/Src/stm32f4xx_hal_rcc.o
                0x0000000008003994                HAL_RCC_GetPCLK1Freq
 .text.HAL_RCC_GetPCLK2Freq
                0x00000000080039bc       0x28 ./Drivers/STM32F4xx_HAL_Driver/Src/stm32f4xx_hal_rcc.o
                0x00000000080039bc                HAL_RCC_GetPCLK2Freq
 .text.HAL_RCC_GetClockConfig
                0x00000000080039e4       0x64 ./Drivers/STM32F4xx_HAL_Driver/Src/stm32f4xx_hal_rcc.o
                0x00000000080039e4                HAL_RCC_GetClockConfig
 .text.HAL_TIM_Base_Init
                0x0000000008003a48       0x9e ./Drivers/STM32F4xx_HAL_Driver/Src/stm32f4xx_hal_tim.o
                0x0000000008003a48                HAL_TIM_Base_Init
 .text.HAL_TIM_Base_MspInit
                0x0000000008003ae6       0x14 ./Drivers/STM32F4xx_HAL_Driver/Src/stm32f4xx_hal_tim.o
                0x0000000008003ae6                HAL_TIM_Base_MspInit
 *fill*         0x0000000008003afa        0x2 
 .text.HAL_TIM_Base_Start_IT
                0x0000000008003afc       0xc4 ./Drivers/STM32F4xx_HAL_Driver/Src/stm32f4xx_hal_tim.o
                0x0000000008003afc                HAL_TIM_Base_Start_IT
 .text.HAL_TIM_IRQHandler
                0x0000000008003bc0      0x210 ./Drivers/STM32F4xx_HAL_Driver/Src/stm32f4xx_hal_tim.o
                0x0000000008003bc0                HAL_TIM_IRQHandler
 .text.HAL_TIM_OC_DelayElapsedCallback
                0x0000000008003dd0       0x14 ./Drivers/STM32F4xx_HAL_Driver/Src/stm32f4xx_hal_tim.o
                0x0000000008003dd0                HAL_TIM_OC_DelayElapsedCallback
 .text.HAL_TIM_IC_CaptureCallback
                0x0000000008003de4       0x14 ./Drivers/STM32F4xx_HAL_Driver/Src/stm32f4xx_hal_tim.o
                0x0000000008003de4                HAL_TIM_IC_CaptureCallback
 .text.HAL_TIM_PWM_PulseFinishedCallback
                0x0000000008003df8       0x14 ./Drivers/STM32F4xx_HAL_Driver/Src/stm32f4xx_hal_tim.o
                0x0000000008003df8                HAL_TIM_PWM_PulseFinishedCallback
 .text.HAL_TIM_TriggerCallback
                0x0000000008003e0c       0x14 ./Drivers/STM32F4xx_HAL_Driver/Src/stm32f4xx_hal_tim.o
                0x0000000008003e0c                HAL_TIM_TriggerCallback
 .text.TIM_Base_SetConfig
                0x0000000008003e20      0x100 ./Drivers/STM32F4xx_HAL_Driver/Src/stm32f4xx_hal_tim.o
                0x0000000008003e20                TIM_Base_SetConfig
 .text.HAL_TIMEx_CommutCallback
                0x0000000008003f20       0x14 ./Drivers/STM32F4xx_HAL_Driver/Src/stm32f4xx_hal_tim_ex.o
                0x0000000008003f20                HAL_TIMEx_CommutCallback
 .text.HAL_TIMEx_BreakCallback
                0x0000000008003f34       0x14 ./Drivers/STM32F4xx_HAL_Driver/Src/stm32f4xx_hal_tim_ex.o
                0x0000000008003f34                HAL_TIMEx_BreakCallback
 .text.HAL_UART_Init
                0x0000000008003f48       0x9a ./Drivers/STM32F4xx_HAL_Driver/Src/stm32f4xx_hal_uart.o
                0x0000000008003f48                HAL_UART_Init
 *fill*         0x0000000008003fe2        0x2 
 .text.UART_SetConfig
                0x0000000008003fe4      0x4e8 ./Drivers/STM32F4xx_HAL_Driver/Src/stm32f4xx_hal_uart.o
 .text.__libc_init_array
                0x00000000080044cc       0x48 c:/st/stm32cubeide_1.11.2/stm32cubeide/plugins/com.st.stm32cube.ide.mcu.externaltools.gnu-tools-for-stm32.10.3-2021.10.win32_1.0.100.202210260954/tools/bin/../lib/gcc/arm-none-eabi/10.3.1/../../../../arm-none-eabi/lib/thumb/v7e-m+fp/hard\libc_nano.a(lib_a-init.o)
                0x00000000080044cc                __libc_init_array
 .text.memcpy   0x0000000008004514       0x1c c:/st/stm32cubeide_1.11.2/stm32cubeide/plugins/com.st.stm32cube.ide.mcu.externaltools.gnu-tools-for-stm32.10.3-2021.10.win32_1.0.100.202210260954/tools/bin/../lib/gcc/arm-none-eabi/10.3.1/../../../../arm-none-eabi/lib/thumb/v7e-m+fp/hard\libc_nano.a(lib_a-memcpy-stub.o)
                0x0000000008004514                memcpy
 .text.memset   0x0000000008004530       0x10 c:/st/stm32cubeide_1.11.2/stm32cubeide/plugins/com.st.stm32cube.ide.mcu.externaltools.gnu-tools-for-stm32.10.3-2021.10.win32_1.0.100.202210260954/tools/bin/../lib/gcc/arm-none-eabi/10.3.1/../../../../arm-none-eabi/lib/thumb/v7e-m+fp/hard\libc_nano.a(lib_a-memset.o)
                0x0000000008004530                memset
 *(.glue_7)
 .glue_7        0x0000000008004540        0x0 linker stubs
 *(.glue_7t)
 .glue_7t       0x0000000008004540        0x0 linker stubs
 *(.eh_frame)
 .eh_frame      0x0000000008004540        0x0 c:/st/stm32cubeide_1.11.2/stm32cubeide/plugins/com.st.stm32cube.ide.mcu.externaltools.gnu-tools-for-stm32.10.3-2021.10.win32_1.0.100.202210260954/tools/bin/../lib/gcc/arm-none-eabi/10.3.1/thumb/v7e-m+fp/hard/crtbegin.o
 *(.init)
 .init          0x0000000008004540        0x4 c:/st/stm32cubeide_1.11.2/stm32cubeide/plugins/com.st.stm32cube.ide.mcu.externaltools.gnu-tools-for-stm32.10.3-2021.10.win32_1.0.100.202210260954/tools/bin/../lib/gcc/arm-none-eabi/10.3.1/thumb/v7e-m+fp/hard/crti.o
                0x0000000008004540                _init
 .init          0x0000000008004544        0x8 c:/st/stm32cubeide_1.11.2/stm32cubeide/plugins/com.st.stm32cube.ide.mcu.externaltools.gnu-tools-for-stm32.10.3-2021.10.win32_1.0.100.202210260954/tools/bin/../lib/gcc/arm-none-eabi/10.3.1/thumb/v7e-m+fp/hard/crtn.o
 *(.fini)
 .fini          0x000000000800454c        0x4 c:/st/stm32cubeide_1.11.2/stm32cubeide/plugins/com.st.stm32cube.ide.mcu.externaltools.gnu-tools-for-stm32.10.3-2021.10.win32_1.0.100.202210260954/tools/bin/../lib/gcc/arm-none-eabi/10.3.1/thumb/v7e-m+fp/hard/crti.o
                0x000000000800454c                _fini
 .fini          0x0000000008004550        0x8 c:/st/stm32cubeide_1.11.2/stm32cubeide/plugins/com.st.stm32cube.ide.mcu.externaltools.gnu-tools-for-stm32.10.3-2021.10.win32_1.0.100.202210260954/tools/bin/../lib/gcc/arm-none-eabi/10.3.1/thumb/v7e-m+fp/hard/crtn.o
                0x0000000008004558                . = ALIGN (0x4)
                0x0000000008004558                _etext = .

.vfp11_veneer   0x0000000008004558        0x0
 .vfp11_veneer  0x0000000008004558        0x0 linker stubs

.v4_bx          0x0000000008004558        0x0
 .v4_bx         0x0000000008004558        0x0 linker stubs

.iplt           0x0000000008004558        0x0
 .iplt          0x0000000008004558        0x0 c:/st/stm32cubeide_1.11.2/stm32cubeide/plugins/com.st.stm32cube.ide.mcu.externaltools.gnu-tools-for-stm32.10.3-2021.10.win32_1.0.100.202210260954/tools/bin/../lib/gcc/arm-none-eabi/10.3.1/thumb/v7e-m+fp/hard/crtbegin.o

.rodata         0x0000000008004558       0x38
                0x0000000008004558                . = ALIGN (0x4)
 *(.rodata)
 .rodata        0x0000000008004558        0x5 ./Core/FreeRTOS/Source/tasks.o
 *fill*         0x000000000800455d        0x3 
 .rodata        0x0000000008004560        0x8 ./Core/FreeRTOS/Source/timers.o
 .rodata        0x0000000008004568        0xe ./Core/Src/main.o
 *(.rodata*)
 *fill*         0x0000000008004576        0x2 
 .rodata.AHBPrescTable
                0x0000000008004578       0x10 ./Core/Src/system_stm32f4xx.o
                0x0000000008004578                AHBPrescTable
 .rodata.APBPrescTable
                0x0000000008004588        0x8 ./Core/Src/system_stm32f4xx.o
                0x0000000008004588                APBPrescTable
                0x0000000008004590                . = ALIGN (0x4)

.ARM.extab      0x0000000008004590        0x0
                0x0000000008004590                . = ALIGN (0x4)
 *(.ARM.extab* .gnu.linkonce.armextab.*)
                0x0000000008004590                . = ALIGN (0x4)

.ARM            0x0000000008004590        0x8
                0x0000000008004590                . = ALIGN (0x4)
                0x0000000008004590                __exidx_start = .
 *(.ARM.exidx*)
 .ARM.exidx     0x0000000008004590        0x8 c:/st/stm32cubeide_1.11.2/stm32cubeide/plugins/com.st.stm32cube.ide.mcu.externaltools.gnu-tools-for-stm32.10.3-2021.10.win32_1.0.100.202210260954/tools/bin/../lib/gcc/arm-none-eabi/10.3.1/thumb/v7e-m+fp/hard\libgcc.a(_udivmoddi4.o)
                0x0000000008004598                __exidx_end = .
                0x0000000008004598                . = ALIGN (0x4)

.rel.dyn        0x0000000008004598        0x0
 .rel.iplt      0x0000000008004598        0x0 c:/st/stm32cubeide_1.11.2/stm32cubeide/plugins/com.st.stm32cube.ide.mcu.externaltools.gnu-tools-for-stm32.10.3-2021.10.win32_1.0.100.202210260954/tools/bin/../lib/gcc/arm-none-eabi/10.3.1/thumb/v7e-m+fp/hard/crtbegin.o

.preinit_array  0x0000000008004598        0x0
                0x0000000008004598                . = ALIGN (0x4)
                0x0000000008004598                PROVIDE (__preinit_array_start = .)
 *(.preinit_array*)
                0x0000000008004598                PROVIDE (__preinit_array_end = .)
                0x0000000008004598                . = ALIGN (0x4)

.init_array     0x0000000008004598        0x4
                0x0000000008004598                . = ALIGN (0x4)
                0x0000000008004598                PROVIDE (__init_array_start = .)
 *(SORT_BY_NAME(.init_array.*))
 *(.init_array*)
 .init_array    0x0000000008004598        0x4 c:/st/stm32cubeide_1.11.2/stm32cubeide/plugins/com.st.stm32cube.ide.mcu.externaltools.gnu-tools-for-stm32.10.3-2021.10.win32_1.0.100.202210260954/tools/bin/../lib/gcc/arm-none-eabi/10.3.1/thumb/v7e-m+fp/hard/crtbegin.o
                0x000000000800459c                PROVIDE (__init_array_end = .)
                0x000000000800459c                . = ALIGN (0x4)

.fini_array     0x000000000800459c        0x4
                0x000000000800459c                . = ALIGN (0x4)
                [!provide]                        PROVIDE (__fini_array_start = .)
 *(SORT_BY_NAME(.fini_array.*))
 *(.fini_array*)
 .fini_array    0x000000000800459c        0x4 c:/st/stm32cubeide_1.11.2/stm32cubeide/plugins/com.st.stm32cube.ide.mcu.externaltools.gnu-tools-for-stm32.10.3-2021.10.win32_1.0.100.202210260954/tools/bin/../lib/gcc/arm-none-eabi/10.3.1/thumb/v7e-m+fp/hard/crtbegin.o
                [!provide]                        PROVIDE (__fini_array_end = .)
                0x00000000080045a0                . = ALIGN (0x4)
                0x00000000080045a0                _sidata = LOADADDR (.data)

.data           0x0000000020000000       0x14 load address 0x00000000080045a0
                0x0000000020000000                . = ALIGN (0x4)
                0x0000000020000000                _sdata = .
 *(.data)
 *(.data*)
 .data.uxTopUsedPriority
                0x0000000020000000        0x4 ./Core/FreeRTOS/Source/tasks.o
                0x0000000020000000                uxTopUsedPriority
 .data.uxCriticalNesting
                0x0000000020000004        0x4 ./Core/FreeRTOS/Source/portable/GCC/ARM_CM4F/port.o
 .data.SystemCoreClock
                0x0000000020000008        0x4 ./Core/Src/system_stm32f4xx.o
                0x0000000020000008                SystemCoreClock
 .data.uwTickPrio
                0x000000002000000c        0x4 ./Drivers/STM32F4xx_HAL_Driver/Src/stm32f4xx_hal.o
                0x000000002000000c                uwTickPrio
 .data.uwTickFreq
                0x0000000020000010        0x1 ./Drivers/STM32F4xx_HAL_Driver/Src/stm32f4xx_hal.o
                0x0000000020000010                uwTickFreq
 *(.RamFunc)
 *(.RamFunc*)
                0x0000000020000014                . = ALIGN (0x4)
 *fill*         0x0000000020000011        0x3 
                0x0000000020000014                _edata = .

.igot.plt       0x0000000020000014        0x0 load address 0x00000000080045b4
 .igot.plt      0x0000000020000014        0x0 c:/st/stm32cubeide_1.11.2/stm32cubeide/plugins/com.st.stm32cube.ide.mcu.externaltools.gnu-tools-for-stm32.10.3-2021.10.win32_1.0.100.202210260954/tools/bin/../lib/gcc/arm-none-eabi/10.3.1/thumb/v7e-m+fp/hard/crtbegin.o
                0x0000000020000014                . = ALIGN (0x4)

.bss            0x0000000020000014     0x29e4 load address 0x00000000080045b4
                0x0000000020000014                _sbss = .
                0x0000000020000014                __bss_start__ = _sbss
 *(.bss)
 .bss           0x0000000020000014       0x1c c:/st/stm32cubeide_1.11.2/stm32cubeide/plugins/com.st.stm32cube.ide.mcu.externaltools.gnu-tools-for-stm32.10.3-2021.10.win32_1.0.100.202210260954/tools/bin/../lib/gcc/arm-none-eabi/10.3.1/thumb/v7e-m+fp/hard/crtbegin.o
 *(.bss*)
 .bss.pxCurrentTCB
                0x0000000020000030        0x4 ./Core/FreeRTOS/Source/tasks.o
                0x0000000020000030                pxCurrentTCB
 .bss.pxReadyTasksLists
                0x0000000020000034       0x64 ./Core/FreeRTOS/Source/tasks.o
 .bss.xDelayedTaskList1
                0x0000000020000098       0x14 ./Core/FreeRTOS/Source/tasks.o
 .bss.xDelayedTaskList2
                0x00000000200000ac       0x14 ./Core/FreeRTOS/Source/tasks.o
 .bss.pxDelayedTaskList
                0x00000000200000c0        0x4 ./Core/FreeRTOS/Source/tasks.o
 .bss.pxOverflowDelayedTaskList
                0x00000000200000c4        0x4 ./Core/FreeRTOS/Source/tasks.o
 .bss.xPendingReadyList
                0x00000000200000c8       0x14 ./Core/FreeRTOS/Source/tasks.o
 .bss.uxCurrentNumberOfTasks
                0x00000000200000dc        0x4 ./Core/FreeRTOS/Source/tasks.o
 .bss.xTickCount
                0x00000000200000e0        0x4 ./Core/FreeRTOS/Source/tasks.o
 .bss.uxTopReadyPriority
                0x00000000200000e4        0x4 ./Core/FreeRTOS/Source/tasks.o
 .bss.xSchedulerRunning
                0x00000000200000e8        0x4 ./Core/FreeRTOS/Source/tasks.o
 .bss.xPendedTicks
                0x00000000200000ec        0x4 ./Core/FreeRTOS/Source/tasks.o
 .bss.xYieldPending
                0x00000000200000f0        0x4 ./Core/FreeRTOS/Source/tasks.o
 .bss.xNumOfOverflows
                0x00000000200000f4        0x4 ./Core/FreeRTOS/Source/tasks.o
 .bss.uxTaskNumber
                0x00000000200000f8        0x4 ./Core/FreeRTOS/Source/tasks.o
 .bss.xNextTaskUnblockTime
                0x00000000200000fc        0x4 ./Core/FreeRTOS/Source/tasks.o
 .bss.xIdleTaskHandle
                0x0000000020000100        0x4 ./Core/FreeRTOS/Source/tasks.o
 .bss.uxSchedulerSuspended
                0x0000000020000104        0x4 ./Core/FreeRTOS/Source/tasks.o
 .bss.xActiveTimerList1
                0x0000000020000108       0x14 ./Core/FreeRTOS/Source/timers.o
 .bss.xActiveTimerList2
                0x000000002000011c       0x14 ./Core/FreeRTOS/Source/timers.o
 .bss.pxCurrentTimerList
                0x0000000020000130        0x4 ./Core/FreeRTOS/Source/timers.o
 .bss.pxOverflowTimerList
                0x0000000020000134        0x4 ./Core/FreeRTOS/Source/timers.o
 .bss.xTimerQueue
                0x0000000020000138        0x4 ./Core/FreeRTOS/Source/timers.o
 .bss.xTimerTaskHandle
                0x000000002000013c        0x4 ./Core/FreeRTOS/Source/timers.o
 .bss.xLastTime.0
                0x0000000020000140        0x4 ./Core/FreeRTOS/Source/timers.o
 .bss.ucMaxSysCallPriority
                0x0000000020000144        0x1 ./Core/FreeRTOS/Source/portable/GCC/ARM_CM4F/port.o
 *fill*         0x0000000020000145        0x3 
 .bss.ulMaxPRIGROUPValue
                0x0000000020000148        0x4 ./Core/FreeRTOS/Source/portable/GCC/ARM_CM4F/port.o
 .bss.ucHeap    0x000000002000014c     0x2800 ./Core/FreeRTOS/Source/portable/MemMang/heap_4.o
 .bss.xStart    0x000000002000294c        0x8 ./Core/FreeRTOS/Source/portable/MemMang/heap_4.o
 .bss.pxEnd     0x0000000020002954        0x4 ./Core/FreeRTOS/Source/portable/MemMang/heap_4.o
 .bss.xFreeBytesRemaining
                0x0000000020002958        0x4 ./Core/FreeRTOS/Source/portable/MemMang/heap_4.o
 .bss.xMinimumEverFreeBytesRemaining
                0x000000002000295c        0x4 ./Core/FreeRTOS/Source/portable/MemMang/heap_4.o
 .bss.xNumberOfSuccessfulAllocations
                0x0000000020002960        0x4 ./Core/FreeRTOS/Source/portable/MemMang/heap_4.o
 .bss.xNumberOfSuccessfulFrees
                0x0000000020002964        0x4 ./Core/FreeRTOS/Source/portable/MemMang/heap_4.o
 .bss.huart2    0x0000000020002968       0x44 ./Core/Src/main.o
                0x0000000020002968                huart2
 .bss.htim10    0x00000000200029ac       0x48 ./Core/Src/stm32f4xx_hal_timebase_tim.o
                0x00000000200029ac                htim10
 .bss.uwTick    0x00000000200029f4        0x4 ./Drivers/STM32F4xx_HAL_Driver/Src/stm32f4xx_hal.o
                0x00000000200029f4                uwTick
 *(COMMON)
                0x00000000200029f8                . = ALIGN (0x4)
                0x00000000200029f8                _ebss = .
                0x00000000200029f8                __bss_end__ = _ebss

._user_heap_stack
                0x00000000200029f8      0x600 load address 0x00000000080045b4
                0x00000000200029f8                . = ALIGN (0x8)
                [!provide]                        PROVIDE (end = .)
                0x00000000200029f8                PROVIDE (_end = .)
                0x0000000020002bf8                . = (. + _Min_Heap_Size)
 *fill*         0x00000000200029f8      0x200 
                0x0000000020002ff8                . = (. + _Min_Stack_Size)
 *fill*         0x0000000020002bf8      0x400 
                0x0000000020002ff8                . = ALIGN (0x8)

/DISCARD/
 libc.a(*)
 libm.a(*)
 libgcc.a(*)

.ARM.attributes
                0x0000000000000000       0x30
 *(.ARM.attributes)
 .ARM.attributes
                0x0000000000000000       0x1e c:/st/stm32cubeide_1.11.2/stm32cubeide/plugins/com.st.stm32cube.ide.mcu.externaltools.gnu-tools-for-stm32.10.3-2021.10.win32_1.0.100.202210260954/tools/bin/../lib/gcc/arm-none-eabi/10.3.1/thumb/v7e-m+fp/hard/crti.o
 .ARM.attributes
                0x000000000000001e       0x34 c:/st/stm32cubeide_1.11.2/stm32cubeide/plugins/com.st.stm32cube.ide.mcu.externaltools.gnu-tools-for-stm32.10.3-2021.10.win32_1.0.100.202210260954/tools/bin/../lib/gcc/arm-none-eabi/10.3.1/thumb/v7e-m+fp/hard/crtbegin.o
 .ARM.attributes
                0x0000000000000052       0x34 ./Core/FreeRTOS/Source/list.o
 .ARM.attributes
                0x0000000000000086       0x34 ./Core/FreeRTOS/Source/queue.o
 .ARM.attributes
                0x00000000000000ba       0x34 ./Core/FreeRTOS/Source/tasks.o
 .ARM.attributes
                0x00000000000000ee       0x34 ./Core/FreeRTOS/Source/timers.o
 .ARM.attributes
                0x0000000000000122       0x34 ./Core/FreeRTOS/Source/portable/GCC/ARM_CM4F/port.o
 .ARM.attributes
                0x0000000000000156       0x34 ./Core/FreeRTOS/Source/portable/MemMang/heap_4.o
 .ARM.attributes
                0x000000000000018a       0x34 ./Core/Src/main.o
 .ARM.attributes
                0x00000000000001be       0x34 ./Core/Src/stm32f4xx_hal_msp.o
 .ARM.attributes
                0x00000000000001f2       0x34 ./Core/Src/stm32f4xx_hal_timebase_tim.o
 .ARM.attributes
                0x0000000000000226       0x34 ./Core/Src/stm32f4xx_it.o
 .ARM.attributes
                0x000000000000025a       0x34 ./Core/Src/system_stm32f4xx.o
 .ARM.attributes
                0x000000000000028e       0x21 ./Core/Startup/startup_stm32f411ceux.o
 .ARM.attributes
                0x00000000000002af       0x34 ./Drivers/STM32F4xx_HAL_Driver/Src/stm32f4xx_hal.o
 .ARM.attributes
                0x00000000000002e3       0x34 ./Drivers/STM32F4xx_HAL_Driver/Src/stm32f4xx_hal_cortex.o
 .ARM.attributes
                0x0000000000000317       0x34 ./Drivers/STM32F4xx_HAL_Driver/Src/stm32f4xx_hal_gpio.o
 .ARM.attributes
                0x000000000000034b       0x34 ./Drivers/STM32F4xx_HAL_Driver/Src/stm32f4xx_hal_rcc.o
 .ARM.attributes
                0x000000000000037f       0x34 ./Drivers/STM32F4xx_HAL_Driver/Src/stm32f4xx_hal_tim.o
 .ARM.attributes
                0x00000000000003b3       0x34 ./Drivers/STM32F4xx_HAL_Driver/Src/stm32f4xx_hal_tim_ex.o
 .ARM.attributes
                0x00000000000003e7       0x34 ./Drivers/STM32F4xx_HAL_Driver/Src/stm32f4xx_hal_uart.o
 .ARM.attributes
                0x000000000000041b       0x34 c:/st/stm32cubeide_1.11.2/stm32cubeide/plugins/com.st.stm32cube.ide.mcu.externaltools.gnu-tools-for-stm32.10.3-2021.10.win32_1.0.100.202210260954/tools/bin/../lib/gcc/arm-none-eabi/10.3.1/../../../../arm-none-eabi/lib/thumb/v7e-m+fp/hard\libc_nano.a(lib_a-init.o)
 .ARM.attributes
                0x000000000000044f       0x34 c:/st/stm32cubeide_1.11.2/stm32cubeide/plugins/com.st.stm32cube.ide.mcu.externaltools.gnu-tools-for-stm32.10.3-2021.10.win32_1.0.100.202210260954/tools/bin/../lib/gcc/arm-none-eabi/10.3.1/../../../../arm-none-eabi/lib/thumb/v7e-m+fp/hard\libc_nano.a(lib_a-memcpy-stub.o)
 .ARM.attributes
                0x0000000000000483       0x34 c:/st/stm32cubeide_1.11.2/stm32cubeide/plugins/com.st.stm32cube.ide.mcu.externaltools.gnu-tools-for-stm32.10.3-2021.10.win32_1.0.100.202210260954/tools/bin/../lib/gcc/arm-none-eabi/10.3.1/../../../../arm-none-eabi/lib/thumb/v7e-m+fp/hard\libc_nano.a(lib_a-memset.o)
 .ARM.attributes
                0x00000000000004b7       0x1e c:/st/stm32cubeide_1.11.2/stm32cubeide/plugins/com.st.stm32cube.ide.mcu.externaltools.gnu-tools-for-stm32.10.3-2021.10.win32_1.0.100.202210260954/tools/bin/../lib/gcc/arm-none-eabi/10.3.1/thumb/v7e-m+fp/hard\libgcc.a(_aeabi_uldivmod.o)
 .ARM.attributes
                0x00000000000004d5       0x34 c:/st/stm32cubeide_1.11.2/stm32cubeide/plugins/com.st.stm32cube.ide.mcu.externaltools.gnu-tools-for-stm32.10.3-2021.10.win32_1.0.100.202210260954/tools/bin/../lib/gcc/arm-none-eabi/10.3.1/thumb/v7e-m+fp/hard\libgcc.a(_udivmoddi4.o)
 .ARM.attributes
                0x0000000000000509       0x1e c:/st/stm32cubeide_1.11.2/stm32cubeide/plugins/com.st.stm32cube.ide.mcu.externaltools.gnu-tools-for-stm32.10.3-2021.10.win32_1.0.100.202210260954/tools/bin/../lib/gcc/arm-none-eabi/10.3.1/thumb/v7e-m+fp/hard\libgcc.a(_dvmd_tls.o)
 .ARM.attributes
                0x0000000000000527       0x1e c:/st/stm32cubeide_1.11.2/stm32cubeide/plugins/com.st.stm32cube.ide.mcu.externaltools.gnu-tools-for-stm32.10.3-2021.10.win32_1.0.100.202210260954/tools/bin/../lib/gcc/arm-none-eabi/10.3.1/thumb/v7e-m+fp/hard/crtn.o
OUTPUT(stm32_ssd1306_e22_lora.elf elf32-littlearm)
LOAD linker stubs
LOAD c:/st/stm32cubeide_1.11.2/stm32cubeide/plugins/com.st.stm32cube.ide.mcu.externaltools.gnu-tools-for-stm32.10.3-2021.10.win32_1.0.100.202210260954/tools/bin/../lib/gcc/arm-none-eabi/10.3.1/../../../../arm-none-eabi/lib/thumb/v7e-m+fp/hard\libc.a
LOAD c:/st/stm32cubeide_1.11.2/stm32cubeide/plugins/com.st.stm32cube.ide.mcu.externaltools.gnu-tools-for-stm32.10.3-2021.10.win32_1.0.100.202210260954/tools/bin/../lib/gcc/arm-none-eabi/10.3.1/../../../../arm-none-eabi/lib/thumb/v7e-m+fp/hard\libm.a
LOAD c:/st/stm32cubeide_1.11.2/stm32cubeide/plugins/com.st.stm32cube.ide.mcu.externaltools.gnu-tools-for-stm32.10.3-2021.10.win32_1.0.100.202210260954/tools/bin/../lib/gcc/arm-none-eabi/10.3.1/thumb/v7e-m+fp/hard\libgcc.a

.debug_info     0x0000000000000000    0x11b8c
 .debug_info    0x0000000000000000      0x2d1 ./Core/FreeRTOS/Source/list.o
 .debug_info    0x00000000000002d1     0x15d8 ./Core/FreeRTOS/Source/queue.o
 .debug_info    0x00000000000018a9     0x1cd4 ./Core/FreeRTOS/Source/tasks.o
 .debug_info    0x000000000000357d      0xe26 ./Core/FreeRTOS/Source/timers.o
 .debug_info    0x00000000000043a3      0x4fb ./Core/FreeRTOS/Source/portable/GCC/ARM_CM4F/port.o
 .debug_info    0x000000000000489e      0x556 ./Core/FreeRTOS/Source/portable/MemMang/heap_4.o
 .debug_info    0x0000000000004df4     0x10e3 ./Core/Src/main.o
 .debug_info    0x0000000000005ed7      0x98f ./Core/Src/stm32f4xx_hal_msp.o
 .debug_info    0x0000000000006866      0xbd0 ./Core/Src/stm32f4xx_hal_timebase_tim.o
 .debug_info    0x0000000000007436      0x6f0 ./Core/Src/stm32f4xx_it.o
 .debug_info    0x0000000000007b26      0x54f ./Core/Src/system_stm32f4xx.o
 .debug_info    0x0000000000008075       0x22 ./Core/Startup/startup_stm32f411ceux.o
 .debug_info    0x0000000000008097      0x90d ./Drivers/STM32F4xx_HAL_Driver/Src/stm32f4xx_hal.o
 .debug_info    0x00000000000089a4      0xd8b ./Drivers/STM32F4xx_HAL_Driver/Src/stm32f4xx_hal_cortex.o
 .debug_info    0x000000000000972f      0x78e ./Drivers/STM32F4xx_HAL_Driver/Src/stm32f4xx_hal_gpio.o
 .debug_info    0x0000000000009ebd      0x98d ./Drivers/STM32F4xx_HAL_Driver/Src/stm32f4xx_hal_rcc.o
 .debug_info    0x000000000000a84a     0x2bb6 ./Drivers/STM32F4xx_HAL_Driver/Src/stm32f4xx_hal_tim.o
 .debug_info    0x000000000000d400     0x15d8 ./Drivers/STM32F4xx_HAL_Driver/Src/stm32f4xx_hal_tim_ex.o
 .debug_info    0x000000000000e9d8     0x31b4 ./Drivers/STM32F4xx_HAL_Driver/Src/stm32f4xx_hal_uart.o

.debug_abbrev   0x0000000000000000     0x2898
 .debug_abbrev  0x0000000000000000       0xf2 ./Core/FreeRTOS/Source/list.o
 .debug_abbrev  0x00000000000000f2      0x2c0 ./Core/FreeRTOS/Source/queue.o
 .debug_abbrev  0x00000000000003b2      0x334 ./Core/FreeRTOS/Source/tasks.o
 .debug_abbrev  0x00000000000006e6      0x2a9 ./Core/FreeRTOS/Source/timers.o
 .debug_abbrev  0x000000000000098f      0x246 ./Core/FreeRTOS/Source/portable/GCC/ARM_CM4F/port.o
 .debug_abbrev  0x0000000000000bd5      0x24e ./Core/FreeRTOS/Source/portable/MemMang/heap_4.o
 .debug_abbrev  0x0000000000000e23      0x28e ./Core/Src/main.o
 .debug_abbrev  0x00000000000010b1      0x19b ./Core/Src/stm32f4xx_hal_msp.o
 .debug_abbrev  0x000000000000124c      0x1f7 ./Core/Src/stm32f4xx_hal_timebase_tim.o
 .debug_abbrev  0x0000000000001443      0x182 ./Core/Src/stm32f4xx_it.o
 .debug_abbrev  0x00000000000015c5      0x116 ./Core/Src/system_stm32f4xx.o
 .debug_abbrev  0x00000000000016db       0x12 ./Core/Startup/startup_stm32f411ceux.o
 .debug_abbrev  0x00000000000016ed      0x23e ./Drivers/STM32F4xx_HAL_Driver/Src/stm32f4xx_hal.o
 .debug_abbrev  0x000000000000192b      0x316 ./Drivers/STM32F4xx_HAL_Driver/Src/stm32f4xx_hal_cortex.o
 .debug_abbrev  0x0000000000001c41      0x1c4 ./Drivers/STM32F4xx_HAL_Driver/Src/stm32f4xx_hal_gpio.o
 .debug_abbrev  0x0000000000001e05      0x2aa ./Drivers/STM32F4xx_HAL_Driver/Src/stm32f4xx_hal_rcc.o
 .debug_abbrev  0x00000000000020af      0x26e ./Drivers/STM32F4xx_HAL_Driver/Src/stm32f4xx_hal_tim.o
 .debug_abbrev  0x000000000000231d      0x276 ./Drivers/STM32F4xx_HAL_Driver/Src/stm32f4xx_hal_tim_ex.o
 .debug_abbrev  0x0000000000002593      0x305 ./Drivers/STM32F4xx_HAL_Driver/Src/stm32f4xx_hal_uart.o

.debug_aranges  0x0000000000000000      0xfc8
 .debug_aranges
                0x0000000000000000       0x40 ./Core/FreeRTOS/Source/list.o
 .debug_aranges
                0x0000000000000040       0xe8 ./Core/FreeRTOS/Source/queue.o
 .debug_aranges
                0x0000000000000128      0x178 ./Core/FreeRTOS/Source/tasks.o
 .debug_aranges
                0x00000000000002a0       0xd8 ./Core/FreeRTOS/Source/timers.o
 .debug_aranges
                0x0000000000000378       0x80 ./Core/FreeRTOS/Source/portable/GCC/ARM_CM4F/port.o
 .debug_aranges
                0x00000000000003f8       0x60 ./Core/FreeRTOS/Source/portable/MemMang/heap_4.o
 .debug_aranges
                0x0000000000000458       0x50 ./Core/Src/main.o
 .debug_aranges
                0x00000000000004a8       0x30 ./Core/Src/stm32f4xx_hal_msp.o
 .debug_aranges
                0x00000000000004d8       0x30 ./Core/Src/stm32f4xx_hal_timebase_tim.o
 .debug_aranges
                0x0000000000000508       0x50 ./Core/Src/stm32f4xx_it.o
 .debug_aranges
                0x0000000000000558       0x28 ./Core/Src/system_stm32f4xx.o
 .debug_aranges
                0x0000000000000580       0x28 ./Core/Startup/startup_stm32f411ceux.o
 .debug_aranges
                0x00000000000005a8       0xf0 ./Drivers/STM32F4xx_HAL_Driver/Src/stm32f4xx_hal.o
 .debug_aranges
                0x0000000000000698      0x118 ./Drivers/STM32F4xx_HAL_Driver/Src/stm32f4xx_hal_cortex.o
 .debug_aranges
                0x00000000000007b0       0x58 ./Drivers/STM32F4xx_HAL_Driver/Src/stm32f4xx_hal_gpio.o
 .debug_aranges
                0x0000000000000808       0x88 ./Drivers/STM32F4xx_HAL_Driver/Src/stm32f4xx_hal_rcc.o
 .debug_aranges
                0x0000000000000890      0x3d0 ./Drivers/STM32F4xx_HAL_Driver/Src/stm32f4xx_hal_tim.o
 .debug_aranges
                0x0000000000000c60      0x168 ./Drivers/STM32F4xx_HAL_Driver/Src/stm32f4xx_hal_tim_ex.o
 .debug_aranges
                0x0000000000000dc8      0x200 ./Drivers/STM32F4xx_HAL_Driver/Src/stm32f4xx_hal_uart.o

.debug_ranges   0x0000000000000000      0xed0
 .debug_ranges  0x0000000000000000       0x30 ./Core/FreeRTOS/Source/list.o
 .debug_ranges  0x0000000000000030       0xd8 ./Core/FreeRTOS/Source/queue.o
 .debug_ranges  0x0000000000000108      0x168 ./Core/FreeRTOS/Source/tasks.o
 .debug_ranges  0x0000000000000270       0xc8 ./Core/FreeRTOS/Source/timers.o
 .debug_ranges  0x0000000000000338       0x70 ./Core/FreeRTOS/Source/portable/GCC/ARM_CM4F/port.o
 .debug_ranges  0x00000000000003a8       0x50 ./Core/FreeRTOS/Source/portable/MemMang/heap_4.o
 .debug_ranges  0x00000000000003f8       0x40 ./Core/Src/main.o
 .debug_ranges  0x0000000000000438       0x20 ./Core/Src/stm32f4xx_hal_msp.o
 .debug_ranges  0x0000000000000458       0x20 ./Core/Src/stm32f4xx_hal_timebase_tim.o
 .debug_ranges  0x0000000000000478       0x40 ./Core/Src/stm32f4xx_it.o
 .debug_ranges  0x00000000000004b8       0x18 ./Core/Src/system_stm32f4xx.o
 .debug_ranges  0x00000000000004d0       0x20 ./Core/Startup/startup_stm32f411ceux.o
 .debug_ranges  0x00000000000004f0       0xe0 ./Drivers/STM32F4xx_HAL_Driver/Src/stm32f4xx_hal.o
 .debug_ranges  0x00000000000005d0      0x108 ./Drivers/STM32F4xx_HAL_Driver/Src/stm32f4xx_hal_cortex.o
 .debug_ranges  0x00000000000006d8       0x48 ./Drivers/STM32F4xx_HAL_Driver/Src/stm32f4xx_hal_gpio.o
 .debug_ranges  0x0000000000000720       0x78 ./Drivers/STM32F4xx_HAL_Driver/Src/stm32f4xx_hal_rcc.o
 .debug_ranges  0x0000000000000798      0x3c0 ./Drivers/STM32F4xx_HAL_Driver/Src/stm32f4xx_hal_tim.o
 .debug_ranges  0x0000000000000b58      0x158 ./Drivers/STM32F4xx_HAL_Driver/Src/stm32f4xx_hal_tim_ex.o
 .debug_ranges  0x0000000000000cb0      0x220 ./Drivers/STM32F4xx_HAL_Driver/Src/stm32f4xx_hal_uart.o

.debug_macro    0x0000000000000000    0x155ca
 .debug_macro   0x0000000000000000      0x198 ./Core/FreeRTOS/Source/list.o
 .debug_macro   0x0000000000000198      0x22f ./Core/FreeRTOS/Source/queue.o
 .debug_macro   0x00000000000003c7       0x16 ./Core/FreeRTOS/Source/queue.o
 .debug_macro   0x00000000000003dd       0x35 ./Core/FreeRTOS/Source/queue.o
 .debug_macro   0x0000000000000412       0x20 ./Core/FreeRTOS/Source/queue.o
 .debug_macro   0x0000000000000432       0x80 ./Core/FreeRTOS/Source/queue.o
 .debug_macro   0x00000000000004b2      0x27e ./Core/FreeRTOS/Source/tasks.o
 .debug_macro   0x0000000000000730       0x17 ./Core/FreeRTOS/Source/tasks.o
 .debug_macro   0x0000000000000747      0x1e7 ./Core/FreeRTOS/Source/timers.o
 .debug_macro   0x000000000000092e       0x97 ./Core/FreeRTOS/Source/timers.o
 .debug_macro   0x00000000000009c5      0x1a1 ./Core/FreeRTOS/Source/portable/GCC/ARM_CM4F/port.o
 .debug_macro   0x0000000000000b66      0x219 ./Core/FreeRTOS/Source/portable/MemMang/heap_4.o
 .debug_macro   0x0000000000000d7f      0x24a ./Core/Src/main.o
 .debug_macro   0x0000000000000fc9      0x29b ./Core/Src/main.o
 .debug_macro   0x0000000000001264       0x2e ./Core/Src/main.o
 .debug_macro   0x0000000000001292       0x28 ./Core/Src/main.o
 .debug_macro   0x00000000000012ba       0x1c ./Core/Src/main.o
 .debug_macro   0x00000000000012d6       0x22 ./Core/Src/main.o
 .debug_macro   0x00000000000012f8       0xd9 ./Core/Src/main.o
 .debug_macro   0x00000000000013d1     0x102d ./Core/Src/main.o
 .debug_macro   0x00000000000023fe      0x11f ./Core/Src/main.o
 .debug_macro   0x000000000000251d     0xb953 ./Core/Src/main.o
 .debug_macro   0x000000000000de70       0x6d ./Core/Src/main.o
 .debug_macro   0x000000000000dedd     0x367e ./Core/Src/main.o
 .debug_macro   0x000000000001155b       0x5c ./Core/Src/main.o
 .debug_macro   0x00000000000115b7      0x447 ./Core/Src/main.o
 .debug_macro   0x00000000000119fe      0x9fe ./Core/Src/main.o
 .debug_macro   0x00000000000123fc      0x115 ./Core/Src/main.o
 .debug_macro   0x0000000000012511      0x11b ./Core/Src/main.o
 .debug_macro   0x000000000001262c       0xa5 ./Core/Src/main.o
 .debug_macro   0x00000000000126d1      0x15f ./Core/Src/main.o
 .debug_macro   0x0000000000012830      0x287 ./Core/Src/main.o
 .debug_macro   0x0000000000012ab7       0x5f ./Core/Src/main.o
 .debug_macro   0x0000000000012b16      0x236 ./Core/Src/main.o
 .debug_macro   0x0000000000012d4c      0x132 ./Core/Src/main.o
 .debug_macro   0x0000000000012e7e      0x264 ./Core/Src/main.o
 .debug_macro   0x00000000000130e2       0x2e ./Core/Src/main.o
 .debug_macro   0x0000000000013110      0x11a ./Core/Src/main.o
 .debug_macro   0x000000000001322a       0x85 ./Core/Src/main.o
 .debug_macro   0x00000000000132af       0x89 ./Core/Src/main.o
 .debug_macro   0x0000000000013338      0x8e6 ./Core/Src/main.o
 .debug_macro   0x0000000000013c1e       0x47 ./Core/Src/main.o
 .debug_macro   0x0000000000013c65      0x295 ./Core/Src/main.o
 .debug_macro   0x0000000000013efa      0x126 ./Core/Src/main.o
 .debug_macro   0x0000000000014020       0x10 ./Core/Src/main.o
 .debug_macro   0x0000000000014030      0x10c ./Core/Src/main.o
 .debug_macro   0x000000000001413c      0x1dd ./Core/Src/stm32f4xx_hal_msp.o
 .debug_macro   0x0000000000014319      0x1ce ./Core/Src/stm32f4xx_hal_timebase_tim.o
 .debug_macro   0x00000000000144e7      0x1e7 ./Core/Src/stm32f4xx_it.o
 .debug_macro   0x00000000000146ce      0x1ce ./Core/Src/system_stm32f4xx.o
 .debug_macro   0x000000000001489c      0x22e ./Drivers/STM32F4xx_HAL_Driver/Src/stm32f4xx_hal.o
 .debug_macro   0x0000000000014aca      0x1ce ./Drivers/STM32F4xx_HAL_Driver/Src/stm32f4xx_hal_cortex.o
 .debug_macro   0x0000000000014c98      0x1d4 ./Drivers/STM32F4xx_HAL_Driver/Src/stm32f4xx_hal_gpio.o
 .debug_macro   0x0000000000014e6c      0x1f2 ./Drivers/STM32F4xx_HAL_Driver/Src/stm32f4xx_hal_rcc.o
 .debug_macro   0x000000000001505e      0x1cf ./Drivers/STM32F4xx_HAL_Driver/Src/stm32f4xx_hal_tim.o
 .debug_macro   0x000000000001522d      0x1ce ./Drivers/STM32F4xx_HAL_Driver/Src/stm32f4xx_hal_tim_ex.o
 .debug_macro   0x00000000000153fb      0x1cf ./Drivers/STM32F4xx_HAL_Driver/Src/stm32f4xx_hal_uart.o

.debug_line     0x0000000000000000    0x1197c
 .debug_line    0x0000000000000000      0x6d9 ./Core/FreeRTOS/Source/list.o
 .debug_line    0x00000000000006d9     0x138f ./Core/FreeRTOS/Source/queue.o
 .debug_line    0x0000000000001a68     0x1617 ./Core/FreeRTOS/Source/tasks.o
 .debug_line    0x000000000000307f      0xbc2 ./Core/FreeRTOS/Source/timers.o
 .debug_line    0x0000000000003c41      0x787 ./Core/FreeRTOS/Source/portable/GCC/ARM_CM4F/port.o
 .debug_line    0x00000000000043c8      0x95d ./Core/FreeRTOS/Source/portable/MemMang/heap_4.o
 .debug_line    0x0000000000004d25      0x8d2 ./Core/Src/main.o
 .debug_line    0x00000000000055f7      0x710 ./Core/Src/stm32f4xx_hal_msp.o
 .debug_line    0x0000000000005d07      0x72f ./Core/Src/stm32f4xx_hal_timebase_tim.o
 .debug_line    0x0000000000006436      0x760 ./Core/Src/stm32f4xx_it.o
 .debug_line    0x0000000000006b96      0x745 ./Core/Src/system_stm32f4xx.o
 .debug_line    0x00000000000072db       0x88 ./Core/Startup/startup_stm32f411ceux.o
 .debug_line    0x0000000000007363      0x9ab ./Drivers/STM32F4xx_HAL_Driver/Src/stm32f4xx_hal.o
 .debug_line    0x0000000000007d0e      0xc5a ./Drivers/STM32F4xx_HAL_Driver/Src/stm32f4xx_hal_cortex.o
 .debug_line    0x0000000000008968      0xae3 ./Drivers/STM32F4xx_HAL_Driver/Src/stm32f4xx_hal_gpio.o
 .debug_line    0x000000000000944b      0xd25 ./Drivers/STM32F4xx_HAL_Driver/Src/stm32f4xx_hal_rcc.o
 .debug_line    0x000000000000a170     0x3479 ./Drivers/STM32F4xx_HAL_Driver/Src/stm32f4xx_hal_tim.o
 .debug_line    0x000000000000d5e9     0x1943 ./Drivers/STM32F4xx_HAL_Driver/Src/stm32f4xx_hal_tim_ex.o
 .debug_line    0x000000000000ef2c     0x2a50 ./Drivers/STM32F4xx_HAL_Driver/Src/stm32f4xx_hal_uart.o

.debug_str      0x0000000000000000    0x95af5
 .debug_str     0x0000000000000000     0xab3d ./Core/FreeRTOS/Source/list.o
                                       0xad62 (size before relaxing)
 .debug_str     0x000000000000ab3d     0x2573 ./Core/FreeRTOS/Source/queue.o
                                       0xd2d2 (size before relaxing)
 .debug_str     0x000000000000d0b0     0x17e0 ./Core/FreeRTOS/Source/tasks.o
                                       0xdae2 (size before relaxing)
 .debug_str     0x000000000000e890      0x50c ./Core/FreeRTOS/Source/timers.o
                                       0xd594 (size before relaxing)
 .debug_str     0x000000000000ed9c      0x792 ./Core/FreeRTOS/Source/portable/GCC/ARM_CM4F/port.o
                                       0x987c (size before relaxing)
 .debug_str     0x000000000000f52e      0x5d8 ./Core/FreeRTOS/Source/portable/MemMang/heap_4.o
                                       0xc58c (size before relaxing)
 .debug_str     0x000000000000fb06    0x83364 ./Core/Src/main.o
                                      0x8c4d5 (size before relaxing)
 .debug_str     0x0000000000092e6a       0x66 ./Core/Src/stm32f4xx_hal_msp.o
                                      0x86edd (size before relaxing)
 .debug_str     0x0000000000092ed0      0x4b6 ./Core/Src/stm32f4xx_hal_timebase_tim.o
                                      0x873f2 (size before relaxing)
 .debug_str     0x0000000000093386       0xbe ./Core/Src/stm32f4xx_it.o
                                      0x86e8b (size before relaxing)
 .debug_str     0x0000000000093444       0xdb ./Core/Src/system_stm32f4xx.o
                                      0x86a62 (size before relaxing)
 .debug_str     0x000000000009351f       0x36 ./Core/Startup/startup_stm32f411ceux.o
                                         0x7f (size before relaxing)
 .debug_str     0x0000000000093555      0x5d3 ./Drivers/STM32F4xx_HAL_Driver/Src/stm32f4xx_hal.o
                                      0x8748e (size before relaxing)
 .debug_str     0x0000000000093b28      0x33a ./Drivers/STM32F4xx_HAL_Driver/Src/stm32f4xx_hal_cortex.o
                                      0x871af (size before relaxing)
 .debug_str     0x0000000000093e62      0x10e ./Drivers/STM32F4xx_HAL_Driver/Src/stm32f4xx_hal_gpio.o
                                      0x86bdd (size before relaxing)
 .debug_str     0x0000000000093f70      0x1fd ./Drivers/STM32F4xx_HAL_Driver/Src/stm32f4xx_hal_rcc.o
                                      0x86e96 (size before relaxing)
 .debug_str     0x000000000009416d      0xe69 ./Drivers/STM32F4xx_HAL_Driver/Src/stm32f4xx_hal_tim.o
                                      0x87dca (size before relaxing)
 .debug_str     0x0000000000094fd6      0x503 ./Drivers/STM32F4xx_HAL_Driver/Src/stm32f4xx_hal_tim_ex.o
                                      0x875e6 (size before relaxing)
 .debug_str     0x00000000000954d9      0x61c ./Drivers/STM32F4xx_HAL_Driver/Src/stm32f4xx_hal_uart.o
                                      0x87423 (size before relaxing)

.comment        0x0000000000000000       0x50
 .comment       0x0000000000000000       0x50 ./Core/FreeRTOS/Source/list.o
                                         0x51 (size before relaxing)
 .comment       0x0000000000000050       0x51 ./Core/FreeRTOS/Source/queue.o
 .comment       0x0000000000000050       0x51 ./Core/FreeRTOS/Source/tasks.o
 .comment       0x0000000000000050       0x51 ./Core/FreeRTOS/Source/timers.o
 .comment       0x0000000000000050       0x51 ./Core/FreeRTOS/Source/portable/GCC/ARM_CM4F/port.o
 .comment       0x0000000000000050       0x51 ./Core/FreeRTOS/Source/portable/MemMang/heap_4.o
 .comment       0x0000000000000050       0x51 ./Core/Src/main.o
 .comment       0x0000000000000050       0x51 ./Core/Src/stm32f4xx_hal_msp.o
 .comment       0x0000000000000050       0x51 ./Core/Src/stm32f4xx_hal_timebase_tim.o
 .comment       0x0000000000000050       0x51 ./Core/Src/stm32f4xx_it.o
 .comment       0x0000000000000050       0x51 ./Core/Src/system_stm32f4xx.o
 .comment       0x0000000000000050       0x51 ./Drivers/STM32F4xx_HAL_Driver/Src/stm32f4xx_hal.o
 .comment       0x0000000000000050       0x51 ./Drivers/STM32F4xx_HAL_Driver/Src/stm32f4xx_hal_cortex.o
 .comment       0x0000000000000050       0x51 ./Drivers/STM32F4xx_HAL_Driver/Src/stm32f4xx_hal_gpio.o
 .comment       0x0000000000000050       0x51 ./Drivers/STM32F4xx_HAL_Driver/Src/stm32f4xx_hal_rcc.o
 .comment       0x0000000000000050       0x51 ./Drivers/STM32F4xx_HAL_Driver/Src/stm32f4xx_hal_tim.o
 .comment       0x0000000000000050       0x51 ./Drivers/STM32F4xx_HAL_Driver/Src/stm32f4xx_hal_tim_ex.o
 .comment       0x0000000000000050       0x51 ./Drivers/STM32F4xx_HAL_Driver/Src/stm32f4xx_hal_uart.o

.debug_frame    0x0000000000000000     0x41a8
 .debug_frame   0x0000000000000000       0xd8 ./Core/FreeRTOS/Source/list.o
 .debug_frame   0x00000000000000d8      0x3cc ./Core/FreeRTOS/Source/queue.o
 .debug_frame   0x00000000000004a4      0x654 ./Core/FreeRTOS/Source/tasks.o
 .debug_frame   0x0000000000000af8      0x378 ./Core/FreeRTOS/Source/timers.o
 .debug_frame   0x0000000000000e70      0x1a8 ./Core/FreeRTOS/Source/portable/GCC/ARM_CM4F/port.o
 .debug_frame   0x0000000000001018      0x150 ./Core/FreeRTOS/Source/portable/MemMang/heap_4.o
 .debug_frame   0x0000000000001168       0xf0 ./Core/Src/main.o
 .debug_frame   0x0000000000001258       0x80 ./Core/Src/stm32f4xx_hal_msp.o
 .debug_frame   0x00000000000012d8       0x74 ./Core/Src/stm32f4xx_hal_timebase_tim.o
 .debug_frame   0x000000000000134c       0xc4 ./Core/Src/stm32f4xx_it.o
 .debug_frame   0x0000000000001410       0x58 ./Core/Src/system_stm32f4xx.o
 .debug_frame   0x0000000000001468      0x374 ./Drivers/STM32F4xx_HAL_Driver/Src/stm32f4xx_hal.o
 .debug_frame   0x00000000000017dc      0x498 ./Drivers/STM32F4xx_HAL_Driver/Src/stm32f4xx_hal_cortex.o
 .debug_frame   0x0000000000001c74      0x14c ./Drivers/STM32F4xx_HAL_Driver/Src/stm32f4xx_hal_gpio.o
 .debug_frame   0x0000000000001dc0      0x1f4 ./Drivers/STM32F4xx_HAL_Driver/Src/stm32f4xx_hal_rcc.o
 .debug_frame   0x0000000000001fb4     0x11bc ./Drivers/STM32F4xx_HAL_Driver/Src/stm32f4xx_hal_tim.o
 .debug_frame   0x0000000000003170      0x638 ./Drivers/STM32F4xx_HAL_Driver/Src/stm32f4xx_hal_tim_ex.o
 .debug_frame   0x00000000000037a8      0x92c ./Drivers/STM32F4xx_HAL_Driver/Src/stm32f4xx_hal_uart.o
 .debug_frame   0x00000000000040d4       0x2c c:/st/stm32cubeide_1.11.2/stm32cubeide/plugins/com.st.stm32cube.ide.mcu.externaltools.gnu-tools-for-stm32.10.3-2021.10.win32_1.0.100.202210260954/tools/bin/../lib/gcc/arm-none-eabi/10.3.1/../../../../arm-none-eabi/lib/thumb/v7e-m+fp/hard\libc_nano.a(lib_a-init.o)
 .debug_frame   0x0000000000004100       0x28 c:/st/stm32cubeide_1.11.2/stm32cubeide/plugins/com.st.stm32cube.ide.mcu.externaltools.gnu-tools-for-stm32.10.3-2021.10.win32_1.0.100.202210260954/tools/bin/../lib/gcc/arm-none-eabi/10.3.1/../../../../arm-none-eabi/lib/thumb/v7e-m+fp/hard\libc_nano.a(lib_a-memcpy-stub.o)
 .debug_frame   0x0000000000004128       0x20 c:/st/stm32cubeide_1.11.2/stm32cubeide/plugins/com.st.stm32cube.ide.mcu.externaltools.gnu-tools-for-stm32.10.3-2021.10.win32_1.0.100.202210260954/tools/bin/../lib/gcc/arm-none-eabi/10.3.1/../../../../arm-none-eabi/lib/thumb/v7e-m+fp/hard\libc_nano.a(lib_a-memset.o)
 .debug_frame   0x0000000000004148       0x2c c:/st/stm32cubeide_1.11.2/stm32cubeide/plugins/com.st.stm32cube.ide.mcu.externaltools.gnu-tools-for-stm32.10.3-2021.10.win32_1.0.100.202210260954/tools/bin/../lib/gcc/arm-none-eabi/10.3.1/thumb/v7e-m+fp/hard\libgcc.a(_aeabi_uldivmod.o)
 .debug_frame   0x0000000000004174       0x34 c:/st/stm32cubeide_1.11.2/stm32cubeide/plugins/com.st.stm32cube.ide.mcu.externaltools.gnu-tools-for-stm32.10.3-2021.10.win32_1.0.100.202210260954/tools/bin/../lib/gcc/arm-none-eabi/10.3.1/thumb/v7e-m+fp/hard\libgcc.a(_udivmoddi4.o)
