../Core/Src/main.c:75:5:main	16	static
../Core/Src/main.c:136:6:SystemClock_Config	88	static
../Core/Src/main.c:182:13:MX_USART2_UART_Init	8	static
../Core/Src/main.c:213:13:MX_DMA_Init	16	static
../Core/Src/main.c:234:13:MX_GPIO_Init	48	static
../Core/Src/main.c:267:13:led_toggle_task	24	static
../Core/Src/main.c:280:13:e22_handle_task	24	static
../Core/Src/main.c:293:13:e22_transmission_task	32	static
../Core/Src/main.c:308:13:main_e22_transceiverMode	8	static
../Core/Src/main.c:312:13:main_e22_configurationMode	8	static
../Core/Src/main.c:319:6:HAL_UART_TxCpltCallback	16	static
../Core/Src/main.c:323:6:HAL_UARTEx_RxEventCallback	16	static
../Core/Src/main.c:335:13:main_lora_packet_receive	256	static
../Core/Src/main.c:357:6:HAL_TIM_PeriodElapsedCallback	16	static
../Core/Src/main.c:375:6:Error_Handler	4	static,ignoring_inline_asm
