../Core/Src/main.c:75:5:main	16	static
../Core/Src/main.c:139:6:SystemClock_Config	88	static
../Core/Src/main.c:185:13:MX_USART2_UART_Init	8	static
../Core/Src/main.c:216:13:MX_DMA_Init	16	static
../Core/Src/main.c:237:13:MX_GPIO_Init	48	static
../Core/Src/main.c:270:13:led_toggle_task	24	static
../Core/Src/main.c:285:13:e22_handle_task	24	static
../Core/Src/main.c:300:13:e22_transmission_task	40	static
../Core/Src/main.c:324:13:main_e22_transceiverMode	8	static
../Core/Src/main.c:332:13:main_e22_configurationMode	8	static
../Core/Src/main.c:343:6:HAL_UART_TxCpltCallback	16	static
../Core/Src/main.c:355:6:HAL_UARTEx_RxEventCallback	16	static
../Core/Src/main.c:367:13:main_lora_packet_receive	256	static
../Core/Src/main.c:389:6:HAL_TIM_PeriodElapsedCallback	16	static
../Core/Src/main.c:407:6:Error_Handler	4	static,ignoring_inline_asm
